Traceback (most recent call last):
  File "/home/hp11/sentinel/scripts/bench.py", line 179, in <module>
    main()
  File "/home/hp11/sentinel/scripts/bench.py", line 164, in main
    result = bench(a.name, rows, s, detector, vlm, a.detector_only)
             ^^^^^^^^^^^^^^^^^^^^^^^^^^^^^^^^^^^^^^^^^^^^^^^^^^^^^^
  File "/home/hp11/sentinel/scripts/bench.py", line 105, in bench
    severities = run_clip(row["path"], settings, detector, vlm, m)
                 ^^^^^^^^^^^^^^^^^^^^^^^^^^^^^^^^^^^^^^^^^^^^^^^^^
  File "/home/hp11/sentinel/scripts/bench.py", line 60, in run_clip
    pipe.process("bench", frame, now=i / settings.fps)
  File "/home/hp11/sentinel/sentinel/pipeline.py", line 73, in process
    dets = self.detector(frame)
           ^^^^^^^^^^^^^^^^^^^^
  File "/home/hp11/sentinel/sentinel/detector.py", line 22, in __call__
    r = self.model.predict(frame, conf=self.conf, imgsz=self.imgsz, verbose=False)[0]
        ^^^^^^^^^^^^^^^^^^^^^^^^^^^^^^^^^^^^^^^^^^^^^^^^^^^^^^^^^^^^^^^^^^^^^^^^^^
  File "/home/hp11/sentinel/.venv/lib/python3.12/site-packages/ultralytics/engine/model.py", line 541, in predict
    self.predictor.setup_model(model=self.model, verbose=is_cli)
  File "/home/hp11/sentinel/.venv/lib/python3.12/site-packages/ultralytics/utils/torch_utils.py", line 101, in disable
    return fn(*args, **kwargs)
           ^^^^^^^^^^^^^^^^^^^
  File "/home/hp11/sentinel/.venv/lib/python3.12/site-packages/ultralytics/engine/predictor.py", line 431, in setup_model
    self.model = AutoBackend(
                 ^^^^^^^^^^^^
  File "/home/hp11/sentinel/.venv/lib/python3.12/site-packages/ultralytics/utils/torch_utils.py", line 101, in disable
    return fn(*args, **kwargs)
           ^^^^^^^^^^^^^^^^^^^
  File "/home/hp11/sentinel/.venv/lib/python3.12/site-packages/ultralytics/nn/autobackend.py", line 246, in __init__
    self.backend = self._BACKEND_MAP[format](model, **backend_kwargs)
                   ^^^^^^^^^^^^^^^^^^^^^^^^^^^^^^^^^^^^^^^^^^^^^^^^^^
  File "/home/hp11/sentinel/.venv/lib/python3.12/site-packages/ultralytics/nn/backends/pytorch.py", line 46, in __init__
    super().__init__(weight, device, fp16)
  File "/home/hp11/sentinel/.venv/lib/python3.12/site-packages/ultralytics/nn/backends/base.py", line 105, in __init__
    self.load_model(weight)
  File "/home/hp11/sentinel/.venv/lib/python3.12/site-packages/ultralytics/nn/backends/pytorch.py", line 63, in load_model
    model = model.to(self.device)
            ^^^^^^^^^^^^^^^^^^^^^
  File "/home/hp11/sentinel/.venv/lib/python3.12/site-packages/torch/nn/modules/module.py", line 1388, in to
    return self._apply(convert)
           ^^^^^^^^^^^^^^^^^^^^
  File "/home/hp11/sentinel/.venv/lib/python3.12/site-packages/ultralytics/nn/tasks.py", line 307, in _apply
    super()._apply(fn)
  File "/home/hp11/sentinel/.venv/lib/python3.12/site-packages/torch/nn/modules/module.py", line 933, in _apply
    module._apply(fn)
  File "/home/hp11/sentinel/.venv/lib/python3.12/site-packages/torch/nn/modules/module.py", line 933, in _apply
    module._apply(fn)
  File "/home/hp11/sentinel/.venv/lib/python3.12/site-packages/torch/nn/modules/module.py", line 933, in _apply
    module._apply(fn)
  File "/home/hp11/sentinel/.venv/lib/python3.12/site-packages/torch/nn/modules/module.py", line 966, in _apply
    param_applied = fn(param)
                    ^^^^^^^^^
  File "/home/hp11/sentinel/.venv/lib/python3.12/site-packages/torch/nn/modules/module.py", line 1374, in convert
    return t.to(
           ^^^^^
torch.AcceleratorError: CUDA error: out of memory
Search for `cudaErrorMemoryAllocation' in https://docs.nvidia.com/cuda/cuda-runtime-api/group__CUDART__TYPES.html for more information.
The CUDA driver logged these messages, which may provide useful details:
Returning 2 (CUDA_ERROR_OUT_OF_MEMORY) from cuDevicePrimaryCtxRetain


EXIT 1
