[K      50/50      11.8G      1.038     0.5781      1.082         53        640: 83% ━━━━━━━━━━── 451/539 3.7it/s 1:59<23.5s
[K      50/50      11.8G      1.038     0.5779      1.082         37        640: 83% ━━━━━━━━━━── 452/539 3.8it/s 1:59<22.7s
[K      50/50      11.8G      1.038      0.578      1.082         61        640: 84% ━━━━━━━━━━── 453/539 3.8it/s 1:60<22.7s
[K      50/50      11.8G      1.038      0.578      1.082         35        640: 84% ━━━━━━━━━━── 454/539 3.8it/s 1:60<22.1s
[K      50/50      11.8G      1.037     0.5779      1.082         44        640: 84% ━━━━━━━━━━── 455/539 3.7it/s 2:00<22.4s
[K      50/50      11.8G      1.037      0.578      1.082         28        640: 84% ━━━━━━━━━━── 456/539 3.8it/s 2:00<21.7s
[K      50/50      11.8G      1.037     0.5782      1.082         34        640: 84% ━━━━━━━━━━── 457/539 3.8it/s 2:01<21.8s
[K      50/50      11.8G      1.037      0.578      1.082         35        640: 84% ━━━━━━━━━━── 458/539 3.8it/s 2:01<21.1s
[K      50/50      11.8G      1.037     0.5778      1.082         41        640: 85% ━━━━━━━━━━── 459/539 3.7it/s 2:01<21.5s
[K      50/50      11.8G      1.037     0.5777      1.082         32        640: 85% ━━━━━━━━━━── 460/539 3.8it/s 2:02<20.6s
[K      50/50      11.8G      1.037     0.5775      1.082         28        640: 85% ━━━━━━━━━━── 461/539 3.8it/s 2:02<20.7s
[K      50/50      11.8G      1.037     0.5777      1.082         33        640: 85% ━━━━━━━━━━── 462/539 3.8it/s 2:02<20.0s
[K      50/50      11.8G      1.037     0.5777      1.082         45        640: 85% ━━━━━━━━━━── 463/539 3.7it/s 2:02<20.3s
[K      50/50      11.8G      1.037     0.5776      1.082         30        640: 86% ━━━━━━━━━━── 464/539 3.8it/s 2:03<19.6s
[K      50/50      11.8G      1.037     0.5773      1.082         26        640: 86% ━━━━━━━━━━── 465/539 3.7it/s 2:03<19.8s
[K      50/50      11.8G      1.037     0.5772      1.082         34        640: 86% ━━━━━━━━━━── 466/539 3.8it/s 2:03<19.2s
[K      50/50      11.8G      1.036     0.5771      1.082         26        640: 86% ━━━━━━━━━━── 467/539 3.6it/s 2:03<19.8s
[K      50/50      11.8G      1.036     0.5771      1.082         47        640: 86% ━━━━━━━━━━── 468/539 3.6it/s 2:04<19.7s
[K      50/50      11.8G      1.037     0.5771      1.082         41        640: 87% ━━━━━━━━━━── 469/539 3.6it/s 2:04<19.2s
[K      50/50      11.8G      1.037     0.5771      1.082         45        640: 87% ━━━━━━━━━━── 470/539 3.6it/s 2:04<19.3s
[K      50/50      11.8G      1.036     0.5769      1.083         23        640: 87% ━━━━━━━━━━── 471/539 3.6it/s 2:05<18.7s
[K      50/50      11.8G      1.036     0.5767      1.082         42        640: 87% ━━━━━━━━━━╸─ 472/539 3.7it/s 2:05<18.0s
[K      50/50      11.8G      1.036     0.5767      1.082         41        640: 87% ━━━━━━━━━━╸─ 473/539 3.7it/s 2:05<17.8s
[K      50/50      11.8G      1.036     0.5767      1.082         23        640: 87% ━━━━━━━━━━╸─ 474/539 3.8it/s 2:05<17.1s
[K      50/50      11.8G      1.036     0.5765      1.082         37        640: 88% ━━━━━━━━━━╸─ 475/539 3.7it/s 2:06<17.2s
[K      50/50      11.8G      1.036     0.5764      1.082         29        640: 88% ━━━━━━━━━━╸─ 476/539 3.8it/s 2:06<16.6s
[K      50/50      11.8G      1.036     0.5764      1.082         34        640: 88% ━━━━━━━━━━╸─ 477/539 3.8it/s 2:06<16.5s
[K      50/50      11.8G      1.035     0.5762      1.082         48        640: 88% ━━━━━━━━━━╸─ 478/539 3.8it/s 2:06<15.9s
[K      50/50      11.8G      1.036     0.5761      1.082         30        640: 88% ━━━━━━━━━━╸─ 479/539 3.7it/s 2:07<16.1s
[K      50/50      11.8G      1.035     0.5759      1.082         26        640: 89% ━━━━━━━━━━╸─ 480/539 3.8it/s 2:07<15.5s
[K      50/50      11.8G      1.035     0.5758      1.082         31        640: 89% ━━━━━━━━━━╸─ 481/539 3.7it/s 2:07<15.6s
[K      50/50      11.8G      1.036     0.5759      1.082         47        640: 89% ━━━━━━━━━━╸─ 482/539 3.8it/s 2:07<15.0s
[K      50/50      11.8G      1.036     0.5759      1.082         34        640: 89% ━━━━━━━━━━╸─ 483/539 3.7it/s 2:08<15.0s
[K      50/50      11.8G      1.035     0.5756      1.082         29        640: 89% ━━━━━━━━━━╸─ 484/539 3.8it/s 2:08<14.4s
[K      50/50      11.8G      1.035     0.5757      1.082         42        640: 89% ━━━━━━━━━━╸─ 485/539 3.8it/s 2:08<14.3s
[K      50/50      11.8G      1.035     0.5757      1.082         30        640: 90% ━━━━━━━━━━╸─ 486/539 3.8it/s 2:09<13.8s
[K      50/50      11.8G      1.036     0.5758      1.082         40        640: 90% ━━━━━━━━━━╸─ 487/539 3.8it/s 2:09<13.9s
[K      50/50      11.8G      1.035     0.5758      1.082         30        640: 90% ━━━━━━━━━━╸─ 488/539 3.8it/s 2:09<13.3s
[K      50/50      11.8G      1.035     0.5758      1.082         39        640: 90% ━━━━━━━━━━╸─ 489/539 3.8it/s 2:09<13.3s
[K      50/50      11.8G      1.035     0.5756      1.081         39        640: 90% ━━━━━━━━━━╸─ 490/539 3.8it/s 2:10<12.8s
[K      50/50      11.8G      1.035     0.5757      1.082         34        640: 91% ━━━━━━━━━━╸─ 491/539 3.7it/s 2:10<12.9s
[K      50/50      11.8G      1.035     0.5757      1.082         23        640: 91% ━━━━━━━━━━╸─ 492/539 3.8it/s 2:10<12.3s
[K      50/50      11.8G      1.035     0.5756      1.082         29        640: 91% ━━━━━━━━━━╸─ 493/539 3.8it/s 2:10<12.2s
[K      50/50      11.8G      1.035     0.5755      1.082         22        640: 91% ━━━━━━━━━━╸─ 494/539 3.8it/s 2:11<11.7s
[K      50/50      11.8G      1.035     0.5755      1.082         48        640: 91% ━━━━━━━━━━━─ 495/539 3.8it/s 2:11<11.6s
[K      50/50      11.8G      1.035     0.5754      1.082         46        640: 92% ━━━━━━━━━━━─ 496/539 3.9it/s 2:11<11.1s
[K      50/50      11.8G      1.035     0.5753      1.081         38        640: 92% ━━━━━━━━━━━─ 497/539 3.8it/s 2:11<11.0s
[K      50/50      11.8G      1.035     0.5758      1.082         27        640: 92% ━━━━━━━━━━━─ 498/539 3.9it/s 2:12<10.6s
[K      50/50      11.8G      1.035      0.576      1.082         66        640: 92% ━━━━━━━━━━━─ 499/539 3.8it/s 2:12<10.6s
[K      50/50      11.8G      1.035      0.576      1.082         29        640: 92% ━━━━━━━━━━━─ 500/539 3.8it/s 2:12<10.1s
[K      50/50      11.8G      1.035      0.576      1.082         38        640: 92% ━━━━━━━━━━━─ 501/539 3.8it/s 2:12<10.0s
[K      50/50      11.8G      1.035     0.5762      1.082         31        640: 93% ━━━━━━━━━━━─ 502/539 3.9it/s 2:13<9.6s
[K      50/50      11.8G      1.035     0.5763      1.082         55        640: 93% ━━━━━━━━━━━─ 503/539 3.7it/s 2:13<9.6s
[K      50/50      11.8G      1.035     0.5761      1.081         41        640: 93% ━━━━━━━━━━━─ 504/539 3.8it/s 2:13<9.1s
[K      50/50      11.8G      1.035     0.5763      1.082         28        640: 93% ━━━━━━━━━━━─ 505/539 3.8it/s 2:14<9.0s
[K      50/50      11.8G      1.035     0.5764      1.081         36        640: 93% ━━━━━━━━━━━─ 506/539 3.8it/s 2:14<8.6s
[K      50/50      11.8G      1.036     0.5767      1.081         52        640: 94% ━━━━━━━━━━━─ 507/539 3.8it/s 2:14<8.4s
[K      50/50      11.8G      1.036     0.5768      1.081         32        640: 94% ━━━━━━━━━━━─ 508/539 3.8it/s 2:14<8.1s
[K      50/50      11.8G      1.035     0.5767      1.082         31        640: 94% ━━━━━━━━━━━─ 509/539 3.8it/s 2:15<7.9s
[K      50/50      11.8G      1.036     0.5769      1.082         28        640: 94% ━━━━━━━━━━━─ 510/539 3.9it/s 2:15<7.5s
[K      50/50      11.8G      1.035     0.5766      1.081         32        640: 94% ━━━━━━━━━━━─ 511/539 3.8it/s 2:15<7.5s
[K      50/50      11.8G      1.035     0.5766      1.081         29        640: 94% ━━━━━━━━━━━─ 512/539 3.7it/s 2:15<7.3s
[K      50/50      11.8G      1.035      0.577      1.081         62        640: 95% ━━━━━━━━━━━─ 513/539 3.6it/s 2:16<7.1s
[K      50/50      11.8G      1.035      0.577      1.081         41        640: 95% ━━━━━━━━━━━─ 514/539 3.7it/s 2:16<6.7s
[K      50/50      11.8G      1.035     0.5771      1.081         50        640: 95% ━━━━━━━━━━━─ 515/539 3.7it/s 2:16<6.5s
[K      50/50      11.8G      1.035     0.5768      1.081         17        640: 95% ━━━━━━━━━━━─ 516/539 3.8it/s 2:16<6.1s
[K      50/50      11.8G      1.035     0.5769      1.081         55        640: 95% ━━━━━━━━━━━╸ 517/539 3.7it/s 2:17<6.0s
[K      50/50      11.8G      1.035     0.5768      1.081         47        640: 96% ━━━━━━━━━━━╸ 518/539 3.8it/s 2:17<5.5s
[K      50/50      11.8G      1.035      0.577      1.081         53        640: 96% ━━━━━━━━━━━╸ 519/539 3.8it/s 2:17<5.3s
[K      50/50      11.8G      1.035     0.5772      1.081         42        640: 96% ━━━━━━━━━━━╸ 520/539 3.8it/s 2:18<5.0s
[K      50/50      11.8G      1.035     0.5773      1.081         52        640: 96% ━━━━━━━━━━━╸ 521/539 3.8it/s 2:18<4.7s
[K      50/50      11.8G      1.036     0.5774      1.081         57        640: 96% ━━━━━━━━━━━╸ 522/539 3.9it/s 2:18<4.4s
[K      50/50      11.8G      1.035     0.5773      1.081         39        640: 97% ━━━━━━━━━━━╸ 523/539 3.8it/s 2:18<4.2s
[K      50/50      11.8G      1.035     0.5774      1.081         39        640: 97% ━━━━━━━━━━━╸ 524/539 3.8it/s 2:19<3.9s
[K      50/50      11.8G      1.036     0.5775      1.081         33        640: 97% ━━━━━━━━━━━╸ 525/539 3.8it/s 2:19<3.7s
[K      50/50      11.8G      1.036     0.5777      1.082         50        640: 97% ━━━━━━━━━━━╸ 526/539 3.8it/s 2:19<3.4s
[K      50/50      11.8G      1.036     0.5778      1.082         48        640: 97% ━━━━━━━━━━━╸ 527/539 3.7it/s 2:19<3.2s
[K      50/50      11.8G      1.036     0.5777      1.082         44        640: 97% ━━━━━━━━━━━╸ 528/539 3.8it/s 2:20<2.9s
[K      50/50      11.8G      1.036     0.5776      1.081         35        640: 98% ━━━━━━━━━━━╸ 529/539 3.8it/s 2:20<2.6s
[K      50/50      11.8G      1.036     0.5776      1.081         43        640: 98% ━━━━━━━━━━━╸ 530/539 3.8it/s 2:20<2.3s
[K      50/50      11.8G      1.036     0.5778      1.082         29        640: 98% ━━━━━━━━━━━╸ 531/539 3.7it/s 2:20<2.1s
[K      50/50      11.8G      1.036     0.5778      1.082         51        640: 98% ━━━━━━━━━━━╸ 532/539 3.8it/s 2:21<1.8s
[K      50/50      11.8G      1.036     0.5777      1.082         33        640: 98% ━━━━━━━━━━━╸ 533/539 3.8it/s 2:21<1.6s
[K      50/50      11.8G      1.036     0.5777      1.082         49        640: 99% ━━━━━━━━━━━╸ 534/539 3.8it/s 2:21<1.3s
[K      50/50      11.8G      1.036     0.5777      1.082         35        640: 99% ━━━━━━━━━━━╸ 535/539 3.7it/s 2:22<1.1s
[K      50/50      11.8G      1.036     0.5774      1.082         27        640: 99% ━━━━━━━━━━━╸ 536/539 3.8it/s 2:22<0.8s
[K      50/50      11.8G      1.036     0.5777      1.081         51        640: 99% ━━━━━━━━━━━╸ 537/539 3.7it/s 2:22<0.5s
[K      50/50      11.8G      1.036     0.5787      1.081          4        640: 100% ━━━━━━━━━━━━ 539/539 3.8it/s 2:22
[K                 Class     Images  Instances      Box(P          R      mAP50  mAP50-95): 1% ──────────── 1/68 2.2it/s 0.1s<30.1s
[K                 Class     Images  Instances      Box(P          R      mAP50  mAP50-95): 2% ──────────── 2/68 3.7it/s 0.3s<17.8s
[K                 Class     Images  Instances      Box(P          R      mAP50  mAP50-95): 4% ╸─────────── 3/68 4.7it/s 0.4s<14.0s
[K                 Class     Images  Instances      Box(P          R      mAP50  mAP50-95): 5% ╸─────────── 4/68 5.3it/s 0.6s<12.0s
[K                 Class     Images  Instances      Box(P          R      mAP50  mAP50-95): 7% ╸─────────── 5/68 5.7it/s 0.7s<11.0s
[K                 Class     Images  Instances      Box(P          R      mAP50  mAP50-95): 8% ━─────────── 6/68 5.8it/s 0.9s<10.6s
[K                 Class     Images  Instances      Box(P          R      mAP50  mAP50-95): 10% ━─────────── 7/68 6.0it/s 1.0s<10.1s
[K                 Class     Images  Instances      Box(P          R      mAP50  mAP50-95): 11% ━─────────── 8/68 6.4it/s 1.2s<9.4s
[K                 Class     Images  Instances      Box(P          R      mAP50  mAP50-95): 13% ━╸────────── 9/68 6.7it/s 1.3s<8.8s
[K                 Class     Images  Instances      Box(P          R      mAP50  mAP50-95): 14% ━╸────────── 10/68 7.0it/s 1.4s<8.3s
[K                 Class     Images  Instances      Box(P          R      mAP50  mAP50-95): 16% ━╸────────── 11/68 7.0it/s 1.6s<8.1s
[K                 Class     Images  Instances      Box(P          R      mAP50  mAP50-95): 17% ━━────────── 12/68 7.2it/s 1.7s<7.8s
[K                 Class     Images  Instances      Box(P          R      mAP50  mAP50-95): 19% ━━────────── 13/68 7.3it/s 1.8s<7.5s
[K                 Class     Images  Instances      Box(P          R      mAP50  mAP50-95): 20% ━━────────── 14/68 7.2it/s 2.0s<7.5s
[K                 Class     Images  Instances      Box(P          R      mAP50  mAP50-95): 22% ━━╸───────── 15/68 7.3it/s 2.1s<7.2s
[K                 Class     Images  Instances      Box(P          R      mAP50  mAP50-95): 23% ━━╸───────── 16/68 7.6it/s 2.2s<6.8s
[K                 Class     Images  Instances      Box(P          R      mAP50  mAP50-95): 25% ━━━───────── 17/68 7.4it/s 2.4s<6.9s
[K                 Class     Images  Instances      Box(P          R      mAP50  mAP50-95): 26% ━━━───────── 18/68 6.9it/s 2.6s<7.2s
[K                 Class     Images  Instances      Box(P          R      mAP50  mAP50-95): 27% ━━━───────── 19/68 6.6it/s 2.7s<7.4s
[K                 Class     Images  Instances      Box(P          R      mAP50  mAP50-95): 29% ━━━╸──────── 20/68 6.5it/s 2.9s<7.4s
[K                 Class     Images  Instances      Box(P          R      mAP50  mAP50-95): 30% ━━━╸──────── 21/68 6.3it/s 3.1s<7.4s
[K                 Class     Images  Instances      Box(P          R      mAP50  mAP50-95): 32% ━━━╸──────── 22/68 6.5it/s 3.2s<7.1s
[K                 Class     Images  Instances      Box(P          R      mAP50  mAP50-95): 33% ━━━━──────── 23/68 6.5it/s 3.4s<7.0s
[K                 Class     Images  Instances      Box(P          R      mAP50  mAP50-95): 35% ━━━━──────── 24/68 6.6it/s 3.5s<6.7s
[K                 Class     Images  Instances      Box(P          R      mAP50  mAP50-95): 36% ━━━━──────── 25/68 6.6it/s 3.7s<6.6s
[K                 Class     Images  Instances      Box(P          R      mAP50  mAP50-95): 38% ━━━━╸─────── 26/68 6.5it/s 3.8s<6.5s
[K                 Class     Images  Instances      Box(P          R      mAP50  mAP50-95): 39% ━━━━╸─────── 27/68 6.5it/s 4.0s<6.3s
[K                 Class     Images  Instances      Box(P          R      mAP50  mAP50-95): 41% ━━━━╸─────── 28/68 6.7it/s 4.1s<6.0s
[K                 Class     Images  Instances      Box(P          R      mAP50  mAP50-95): 42% ━━━━━─────── 29/68 7.2it/s 4.2s<5.4s
[K                 Class     Images  Instances      Box(P          R      mAP50  mAP50-95): 44% ━━━━━─────── 30/68 7.2it/s 4.4s<5.2s
[K                 Class     Images  Instances      Box(P          R      mAP50  mAP50-95): 45% ━━━━━─────── 31/68 7.4it/s 4.5s<5.0s
[K                 Class     Images  Instances      Box(P          R      mAP50  mAP50-95): 47% ━━━━━╸────── 32/68 7.0it/s 4.7s<5.1s
[K                 Class     Images  Instances      Box(P          R      mAP50  mAP50-95): 48% ━━━━━╸────── 33/68 7.1it/s 4.8s<4.9s
[K                 Class     Images  Instances      Box(P          R      mAP50  mAP50-95): 50% ━━━━━━────── 34/68 7.5it/s 4.9s<4.5s
[K                 Class     Images  Instances      Box(P          R      mAP50  mAP50-95): 51% ━━━━━━────── 35/68 7.6it/s 5.0s<4.3s
[K                 Class     Images  Instances      Box(P          R      mAP50  mAP50-95): 52% ━━━━━━────── 36/68 7.5it/s 5.2s<4.2s
[K                 Class     Images  Instances      Box(P          R      mAP50  mAP50-95): 54% ━━━━━━╸───── 37/68 7.3it/s 5.3s<4.3s
[K                 Class     Images  Instances      Box(P          R      mAP50  mAP50-95): 55% ━━━━━━╸───── 38/68 7.3it/s 5.5s<4.1s
[K                 Class     Images  Instances      Box(P          R      mAP50  mAP50-95): 57% ━━━━━━╸───── 39/68 7.6it/s 5.6s<3.8s
[K                 Class     Images  Instances      Box(P          R      mAP50  mAP50-95): 58% ━━━━━━━───── 40/68 7.8it/s 5.7s<3.6s
[K                 Class     Images  Instances      Box(P          R      mAP50  mAP50-95): 60% ━━━━━━━───── 41/68 7.5it/s 5.8s<3.6s
[K                 Class     Images  Instances      Box(P          R      mAP50  mAP50-95): 61% ━━━━━━━───── 42/68 7.6it/s 6.0s<3.4s
[K                 Class     Images  Instances      Box(P          R      mAP50  mAP50-95): 63% ━━━━━━━╸──── 43/68 7.3it/s 6.1s<3.4s
[K                 Class     Images  Instances      Box(P          R      mAP50  mAP50-95): 64% ━━━━━━━╸──── 44/68 7.1it/s 6.3s<3.4s
[K                 Class     Images  Instances      Box(P          R      mAP50  mAP50-95): 66% ━━━━━━━╸──── 45/68 6.7it/s 6.5s<3.4s
[K                 Class     Images  Instances      Box(P          R      mAP50  mAP50-95): 67% ━━━━━━━━──── 46/68 6.8it/s 6.6s<3.2s
[K                 Class     Images  Instances      Box(P          R      mAP50  mAP50-95): 69% ━━━━━━━━──── 47/68 6.8it/s 6.7s<3.1s
[K                 Class     Images  Instances      Box(P          R      mAP50  mAP50-95): 70% ━━━━━━━━──── 48/68 6.7it/s 6.9s<3.0s
[K                 Class     Images  Instances      Box(P          R      mAP50  mAP50-95): 72% ━━━━━━━━╸─── 49/68 6.7it/s 7.0s<2.8s
[K                 Class     Images  Instances      Box(P          R      mAP50  mAP50-95): 73% ━━━━━━━━╸─── 50/68 6.6it/s 7.2s<2.7s
[K                 Class     Images  Instances      Box(P          R      mAP50  mAP50-95): 75% ━━━━━━━━━─── 51/68 6.7it/s 7.3s<2.6s
[K                 Class     Images  Instances      Box(P          R      mAP50  mAP50-95): 76% ━━━━━━━━━─── 52/68 6.5it/s 7.5s<2.5s
[K                 Class     Images  Instances      Box(P          R      mAP50  mAP50-95): 77% ━━━━━━━━━─── 53/68 6.4it/s 7.7s<2.3s
[K                 Class     Images  Instances      Box(P          R      mAP50  mAP50-95): 79% ━━━━━━━━━╸── 54/68 6.5it/s 7.8s<2.2s
[K                 Class     Images  Instances      Box(P          R      mAP50  mAP50-95): 80% ━━━━━━━━━╸── 55/68 6.4it/s 8.0s<2.0s
[K                 Class     Images  Instances      Box(P          R      mAP50  mAP50-95): 82% ━━━━━━━━━╸── 56/68 6.3it/s 8.2s<1.9s
[K                 Class     Images  Instances      Box(P          R      mAP50  mAP50-95): 83% ━━━━━━━━━━── 57/68 6.1it/s 8.3s<1.8s
[K                 Class     Images  Instances      Box(P          R      mAP50  mAP50-95): 85% ━━━━━━━━━━── 58/68 5.9it/s 8.5s<1.7s
[K                 Class     Images  Instances      Box(P          R      mAP50  mAP50-95): 86% ━━━━━━━━━━── 59/68 5.9it/s 8.7s<1.5s
[K                 Class     Images  Instances      Box(P          R      mAP50  mAP50-95): 88% ━━━━━━━━━━╸─ 60/68 5.7it/s 8.9s<1.4s
[K                 Class     Images  Instances      Box(P          R      mAP50  mAP50-95): 89% ━━━━━━━━━━╸─ 61/68 5.5it/s 9.1s<1.3s
[K                 Class     Images  Instances      Box(P          R      mAP50  mAP50-95): 91% ━━━━━━━━━━╸─ 62/68 5.5it/s 9.2s<1.1s
[K                 Class     Images  Instances      Box(P          R      mAP50  mAP50-95): 92% ━━━━━━━━━━━─ 63/68 5.5it/s 9.4s<0.9s
[K                 Class     Images  Instances      Box(P          R      mAP50  mAP50-95): 94% ━━━━━━━━━━━─ 64/68 5.5it/s 9.6s<0.7s
[K                 Class     Images  Instances      Box(P          R      mAP50  mAP50-95): 95% ━━━━━━━━━━━─ 65/68 5.0it/s 9.9s<0.6s
[K                 Class     Images  Instances      Box(P          R      mAP50  mAP50-95): 97% ━━━━━━━━━━━╸ 66/68 4.8it/s 10.1s<0.4s
[K                 Class     Images  Instances      Box(P          R      mAP50  mAP50-95): 98% ━━━━━━━━━━━╸ 67/68 5.0it/s 10.3s<0.2s
[K                 Class     Images  Instances      Box(P          R      mAP50  mAP50-95): 100% ━━━━━━━━━━━━ 68/68 6.6it/s 10.3s
                   all       4302       5186      0.795      0.731      0.781      0.453
50 epochs completed in 2.624 hours.
Optimizer stripped from /home/hp11/sentinel/runs/smoke/weights/last.pt, 19.2MB
Optimizer stripped from /home/hp11/sentinel/runs/smoke/weights/best.pt, 19.2MB
Validating /home/hp11/sentinel/runs/smoke/weights/best.pt...
Ultralytics 8.4.160 🚀 Python-3.12.3 torch-2.14.0+cu130 CUDA:0 (NVIDIA GB10, 124546MiB)
YOLO11s summary (fused): 100 layers, 9,413,574 parameters, 0 gradients, 21.4 GFLOPs
[K                 Class     Images  Instances      Box(P          R      mAP50  mAP50-95): 1% ──────────── 1/68 2.2s/it 0.7s<2:28
[K                 Class     Images  Instances      Box(P          R      mAP50  mAP50-95): 2% ──────────── 2/68 1.5s/it 1.5s<1:36
[K                 Class     Images  Instances      Box(P          R      mAP50  mAP50-95): 4% ╸─────────── 3/68 1.3s/it 2.5s<1:24
[K                 Class     Images  Instances      Box(P          R      mAP50  mAP50-95): 5% ╸─────────── 4/68 1.3it/s 2.9s<49.8s
[K                 Class     Images  Instances      Box(P          R      mAP50  mAP50-95): 7% ╸─────────── 5/68 2.3it/s 3.1s<27.9s
[K                 Class     Images  Instances      Box(P          R      mAP50  mAP50-95): 8% ━─────────── 6/68 3.2it/s 3.3s<19.3s
[K                 Class     Images  Instances      Box(P          R      mAP50  mAP50-95): 10% ━─────────── 7/68 3.8it/s 3.5s<16.0s
[K                 Class     Images  Instances      Box(P          R      mAP50  mAP50-95): 11% ━─────────── 8/68 4.3it/s 3.7s<14.0s
[K                 Class     Images  Instances      Box(P          R      mAP50  mAP50-95): 13% ━╸────────── 9/68 5.3it/s 3.8s<11.2s
[K                 Class     Images  Instances      Box(P          R      mAP50  mAP50-95): 14% ━╸────────── 10/68 6.0it/s 3.9s<9.6s
[K                 Class     Images  Instances      Box(P          R      mAP50  mAP50-95): 16% ━╸────────── 11/68 6.3it/s 4.1s<9.1s
[K                 Class     Images  Instances      Box(P          R      mAP50  mAP50-95): 17% ━━────────── 12/68 6.8it/s 4.2s<8.3s
[K                 Class     Images  Instances      Box(P          R      mAP50  mAP50-95): 19% ━━────────── 13/68 7.1it/s 4.3s<7.7s
[K                 Class     Images  Instances      Box(P          R      mAP50  mAP50-95): 20% ━━────────── 14/68 7.0it/s 4.5s<7.7s
[K                 Class     Images  Instances      Box(P          R      mAP50  mAP50-95): 22% ━━╸───────── 15/68 6.8it/s 4.6s<7.8s
[K                 Class     Images  Instances      Box(P          R      mAP50  mAP50-95): 23% ━━╸───────── 16/68 7.3it/s 4.8s<7.1s
[K                 Class     Images  Instances      Box(P          R      mAP50  mAP50-95): 25% ━━━───────── 17/68 7.5it/s 4.9s<6.8s
[K                 Class     Images  Instances      Box(P          R      mAP50  mAP50-95): 26% ━━━───────── 18/68 6.9it/s 5.1s<7.3s
[K                 Class     Images  Instances      Box(P          R      mAP50  mAP50-95): 27% ━━━───────── 19/68 6.5it/s 5.2s<7.6s
[K                 Class     Images  Instances      Box(P          R      mAP50  mAP50-95): 29% ━━━╸──────── 20/68 6.2it/s 5.4s<7.8s
[K                 Class     Images  Instances      Box(P          R      mAP50  mAP50-95): 30% ━━━╸──────── 21/68 5.8it/s 5.6s<8.1s
[K                 Class     Images  Instances      Box(P          R      mAP50  mAP50-95): 32% ━━━╸──────── 22/68 6.0it/s 5.8s<7.6s
[K                 Class     Images  Instances      Box(P          R      mAP50  mAP50-95): 33% ━━━━──────── 23/68 6.1it/s 6.0s<7.4s
[K                 Class     Images  Instances      Box(P          R      mAP50  mAP50-95): 35% ━━━━──────── 24/68 6.3it/s 6.1s<7.0s
[K                 Class     Images  Instances      Box(P          R      mAP50  mAP50-95): 36% ━━━━──────── 25/68 6.1it/s 6.3s<7.1s
[K                 Class     Images  Instances      Box(P          R      mAP50  mAP50-95): 38% ━━━━╸─────── 26/68 6.2it/s 6.4s<6.8s
[K                 Class     Images  Instances      Box(P          R      mAP50  mAP50-95): 39% ━━━━╸─────── 27/68 6.4it/s 6.6s<6.4s
[K                 Class     Images  Instances      Box(P          R      mAP50  mAP50-95): 41% ━━━━╸─────── 28/68 6.7it/s 6.7s<6.0s
[K                 Class     Images  Instances      Box(P          R      mAP50  mAP50-95): 42% ━━━━━─────── 29/68 7.2it/s 6.8s<5.4s
[K                 Class     Images  Instances      Box(P          R      mAP50  mAP50-95): 44% ━━━━━─────── 30/68 7.2it/s 7.0s<5.2s
[K                 Class     Images  Instances      Box(P          R      mAP50  mAP50-95): 45% ━━━━━─────── 31/68 7.4it/s 7.1s<5.0s
[K                 Class     Images  Instances      Box(P          R      mAP50  mAP50-95): 47% ━━━━━╸────── 32/68 7.2it/s 7.3s<5.0s
[K                 Class     Images  Instances      Box(P          R      mAP50  mAP50-95): 48% ━━━━━╸────── 33/68 7.4it/s 7.4s<4.7s
[K                 Class     Images  Instances      Box(P          R      mAP50  mAP50-95): 50% ━━━━━━────── 34/68 7.6it/s 7.5s<4.5s
[K                 Class     Images  Instances      Box(P          R      mAP50  mAP50-95): 51% ━━━━━━────── 35/68 7.6it/s 7.6s<4.3s
[K                 Class     Images  Instances      Box(P          R      mAP50  mAP50-95): 52% ━━━━━━────── 36/68 7.1it/s 7.8s<4.5s
[K                 Class     Images  Instances      Box(P          R      mAP50  mAP50-95): 54% ━━━━━━╸───── 37/68 7.3it/s 7.9s<4.2s
[K                 Class     Images  Instances      Box(P          R      mAP50  mAP50-95): 55% ━━━━━━╸───── 38/68 7.5it/s 8.1s<4.0s
[K                 Class     Images  Instances      Box(P          R      mAP50  mAP50-95): 57% ━━━━━━╸───── 39/68 7.1it/s 8.2s<4.1s
[K                 Class     Images  Instances      Box(P          R      mAP50  mAP50-95): 58% ━━━━━━━───── 40/68 7.2it/s 8.3s<3.9s
[K                 Class     Images  Instances      Box(P          R      mAP50  mAP50-95): 60% ━━━━━━━───── 41/68 7.1it/s 8.5s<3.8s
[K                 Class     Images  Instances      Box(P          R      mAP50  mAP50-95): 61% ━━━━━━━───── 42/68 7.2it/s 8.6s<3.6s
[K                 Class     Images  Instances      Box(P          R      mAP50  mAP50-95): 63% ━━━━━━━╸──── 43/68 6.7it/s 8.8s<3.7s
[K                 Class     Images  Instances      Box(P          R      mAP50  mAP50-95): 64% ━━━━━━━╸──── 44/68 6.5it/s 9.0s<3.7s
[K                 Class     Images  Instances      Box(P          R      mAP50  mAP50-95): 66% ━━━━━━━╸──── 45/68 6.3it/s 9.1s<3.7s
[K                 Class     Images  Instances      Box(P          R      mAP50  mAP50-95): 67% ━━━━━━━━──── 46/68 6.1it/s 9.3s<3.6s
[K                 Class     Images  Instances      Box(P          R      mAP50  mAP50-95): 69% ━━━━━━━━──── 47/68 6.0it/s 9.5s<3.5s
[K                 Class     Images  Instances      Box(P          R      mAP50  mAP50-95): 70% ━━━━━━━━──── 48/68 5.9it/s 9.7s<3.4s
[K                 Class     Images  Instances      Box(P          R      mAP50  mAP50-95): 72% ━━━━━━━━╸─── 49/68 5.8it/s 9.9s<3.3s
[K                 Class     Images  Instances      Box(P          R      mAP50  mAP50-95): 73% ━━━━━━━━╸─── 50/68 6.0it/s 10.0s<3.0s
[K                 Class     Images  Instances      Box(P          R      mAP50  mAP50-95): 75% ━━━━━━━━━─── 51/68 5.8it/s 10.2s<2.9s
[K                 Class     Images  Instances      Box(P          R      mAP50  mAP50-95): 76% ━━━━━━━━━─── 52/68 5.8it/s 10.4s<2.8s
[K                 Class     Images  Instances      Box(P          R      mAP50  mAP50-95): 77% ━━━━━━━━━─── 53/68 5.7it/s 10.5s<2.6s
[K                 Class     Images  Instances      Box(P          R      mAP50  mAP50-95): 79% ━━━━━━━━━╸── 54/68 5.7it/s 10.7s<2.5s
[K                 Class     Images  Instances      Box(P          R      mAP50  mAP50-95): 80% ━━━━━━━━━╸── 55/68 5.8it/s 10.9s<2.3s
[K                 Class     Images  Instances      Box(P          R      mAP50  mAP50-95): 82% ━━━━━━━━━╸── 56/68 5.7it/s 11.1s<2.1s
[K                 Class     Images  Instances      Box(P          R      mAP50  mAP50-95): 83% ━━━━━━━━━━── 57/68 5.7it/s 11.3s<1.9s
[K                 Class     Images  Instances      Box(P          R      mAP50  mAP50-95): 85% ━━━━━━━━━━── 58/68 5.4it/s 11.5s<1.8s
[K                 Class     Images  Instances      Box(P          R      mAP50  mAP50-95): 86% ━━━━━━━━━━── 59/68 5.4it/s 11.6s<1.7s
[K                 Class     Images  Instances      Box(P          R      mAP50  mAP50-95): 88% ━━━━━━━━━━╸─ 60/68 5.3it/s 11.8s<1.5s
[K                 Class     Images  Instances      Box(P          R      mAP50  mAP50-95): 89% ━━━━━━━━━━╸─ 61/68 5.1it/s 12.1s<1.4s
[K                 Class     Images  Instances      Box(P          R      mAP50  mAP50-95): 91% ━━━━━━━━━━╸─ 62/68 5.2it/s 12.2s<1.1s
[K                 Class     Images  Instances      Box(P          R      mAP50  mAP50-95): 92% ━━━━━━━━━━━─ 63/68 5.3it/s 12.4s<0.9s
[K                 Class     Images  Instances      Box(P          R      mAP50  mAP50-95): 94% ━━━━━━━━━━━─ 64/68 5.3it/s 12.6s<0.8s
[K                 Class     Images  Instances      Box(P          R      mAP50  mAP50-95): 95% ━━━━━━━━━━━─ 65/68 4.9it/s 12.9s<0.6s
[K                 Class     Images  Instances      Box(P          R      mAP50  mAP50-95): 97% ━━━━━━━━━━━╸ 66/68 4.6it/s 13.1s<0.4s
[K                 Class     Images  Instances      Box(P          R      mAP50  mAP50-95): 98% ━━━━━━━━━━━╸ 67/68 4.8it/s 13.3s<0.2s
[K                 Class     Images  Instances      Box(P          R      mAP50  mAP50-95): 100% ━━━━━━━━━━━━ 68/68 5.1it/s 13.3s
                   all       4302       5186      0.776      0.719      0.787       0.46
                 smoke       2077       2311      0.823      0.788      0.846      0.532
                  fire       1113       2875       0.73      0.651      0.729      0.389
Speed: 0.2ms preprocess, 2.1ms inference, 0.0ms loss, 0.2ms postprocess per image
Results saved to [1m/home/hp11/sentinel/runs/smoke[0m
Ultralytics 8.4.160 🚀 Python-3.12.3 torch-2.14.0+cu130 CUDA:0 (NVIDIA GB10, 124546MiB)
YOLO11s summary (fused): 100 layers, 9,413,574 parameters, 0 gradients, 21.4 GFLOPs
[34m[1mval: [0mFast image access ✅ (ping: 0.0±0.0 ms, read: 5026.2±2995.6 MB/s, size: 103.9 KB)
[K[34m[1mval: [0mScanning /home/hp11/sentinel/data/dfire/test/labels.cache... 4306 images, 2005 backgrounds, 4 corrupt: 100% ━━━━━━━━━━━━ 4306/4306 1.8Git/s 0.0s
[34m[1mval: [0m/home/hp11/sentinel/data/dfire/test/images/WEB10769.jpg: ignoring corrupt image/label: non-normalized or out of bounds coordinates [1.0296875]
[34m[1mval: [0m/home/hp11/sentinel/data/dfire/test/images/WEB10775.jpg: ignoring corrupt image/label: non-normalized or out of bounds coordinates [1.015625]
[34m[1mval: [0m/home/hp11/sentinel/data/dfire/test/images/WEB11243.jpg: corrupt JPEG restored and saved
[34m[1mval: [0m/home/hp11/sentinel/data/dfire/test/images/WEB11244.jpg: corrupt JPEG restored and saved
[34m[1mval: [0m/home/hp11/sentinel/data/dfire/test/images/WEB11245.jpg: corrupt JPEG restored and saved
[34m[1mval: [0m/home/hp11/sentinel/data/dfire/test/images/WEB11313.jpg: corrupt JPEG restored and saved
[34m[1mval: [0m/home/hp11/sentinel/data/dfire/test/images/WEB11315.jpg: corrupt JPEG restored and saved
[34m[1mval: [0m/home/hp11/sentinel/data/dfire/test/images/WEB11316.jpg: corrupt JPEG restored and saved
[34m[1mval: [0m/home/hp11/sentinel/data/dfire/test/images/WEB11319.jpg: corrupt JPEG restored and saved
[34m[1mval: [0m/home/hp11/sentinel/data/dfire/test/images/WEB11320.jpg: corrupt JPEG restored and saved
[34m[1mval: [0m/home/hp11/sentinel/data/dfire/test/images/WEB11321.jpg: corrupt JPEG restored and saved
[34m[1mval: [0m/home/hp11/sentinel/data/dfire/test/images/WEB11322.jpg: corrupt JPEG restored and saved
[34m[1mval: [0m/home/hp11/sentinel/data/dfire/test/images/WEB11323.jpg: corrupt JPEG restored and saved
[34m[1mval: [0m/home/hp11/sentinel/data/dfire/test/images/WEB11598.jpg: ignoring corrupt image/label: non-normalized or out of bounds coordinates [1.0359375]
[34m[1mval: [0m/home/hp11/sentinel/data/dfire/test/images/WEB11600.jpg: ignoring corrupt image/label: non-normalized or out of bounds coordinates [1.05625]
[K                 Class     Images  Instances      Box(P          R      mAP50  mAP50-95): 0% ──────────── 1/269 1.7s/it 0.5s<7:30
[K                 Class     Images  Instances      Box(P          R      mAP50  mAP50-95): 0% ──────────── 2/269 2.5it/s 0.6s<1:46
[K                 Class     Images  Instances      Box(P          R      mAP50  mAP50-95): 1% ──────────── 3/269 4.7it/s 0.7s<57.0s
[K                 Class     Images  Instances      Box(P          R      mAP50  mAP50-95): 1% ──────────── 5/269 7.1it/s 0.9s<37.4s
[K                 Class     Images  Instances      Box(P          R      mAP50  mAP50-95): 2% ──────────── 7/269 9.9it/s 1.0s<26.5s
[K                 Class     Images  Instances      Box(P          R      mAP50  mAP50-95): 3% ──────────── 9/269 11.6it/s 1.2s<22.4s
[K                 Class     Images  Instances      Box(P          R      mAP50  mAP50-95): 4% ──────────── 11/269 12.8it/s 1.3s<20.1s
[K                 Class     Images  Instances      Box(P          R      mAP50  mAP50-95): 4% ╸─────────── 13/269 13.1it/s 1.4s<19.5s
[K                 Class     Images  Instances      Box(P          R      mAP50  mAP50-95): 5% ╸─────────── 15/269 13.6it/s 1.6s<18.7s
[K                 Class     Images  Instances      Box(P          R      mAP50  mAP50-95): 6% ╸─────────── 17/269 13.7it/s 1.7s<18.3s
[K                 Class     Images  Instances      Box(P          R      mAP50  mAP50-95): 7% ╸─────────── 19/269 13.8it/s 1.9s<18.1s
[K                 Class     Images  Instances      Box(P          R      mAP50  mAP50-95): 7% ╸─────────── 21/269 13.9it/s 2.0s<17.9s
[K                 Class     Images  Instances      Box(P          R      mAP50  mAP50-95): 8% ━─────────── 23/269 14.0it/s 2.1s<17.5s
[K                 Class     Images  Instances      Box(P          R      mAP50  mAP50-95): 9% ━─────────── 25/269 14.2it/s 2.3s<17.2s
[K                 Class     Images  Instances      Box(P          R      mAP50  mAP50-95): 10% ━─────────── 27/269 14.4it/s 2.4s<16.8s
[K                 Class     Images  Instances      Box(P          R      mAP50  mAP50-95): 10% ━─────────── 29/269 14.5it/s 2.5s<16.6s
[K                 Class     Images  Instances      Box(P          R      mAP50  mAP50-95): 11% ━─────────── 31/269 14.6it/s 2.7s<16.4s
[K                 Class     Images  Instances      Box(P          R      mAP50  mAP50-95): 12% ━─────────── 33/269 14.3it/s 2.8s<16.5s
[K                 Class     Images  Instances      Box(P          R      mAP50  mAP50-95): 13% ━╸────────── 35/269 14.8it/s 2.9s<15.8s
[K                 Class     Images  Instances      Box(P          R      mAP50  mAP50-95): 13% ━╸────────── 37/269 15.2it/s 3.1s<15.3s
[K                 Class     Images  Instances      Box(P          R      mAP50  mAP50-95): 14% ━╸────────── 39/269 15.7it/s 3.2s<14.6s
[K                 Class     Images  Instances      Box(P          R      mAP50  mAP50-95): 15% ━╸────────── 41/269 16.0it/s 3.3s<14.3s
[K                 Class     Images  Instances      Box(P          R      mAP50  mAP50-95): 15% ━╸────────── 43/269 16.0it/s 3.4s<14.2s
[K                 Class     Images  Instances      Box(P          R      mAP50  mAP50-95): 16% ━━────────── 45/269 16.0it/s 3.6s<14.0s
[K                 Class     Images  Instances      Box(P          R      mAP50  mAP50-95): 17% ━━────────── 47/269 16.0it/s 3.7s<13.8s
[K                 Class     Images  Instances      Box(P          R      mAP50  mAP50-95): 18% ━━────────── 49/269 16.2it/s 3.8s<13.6s
[K                 Class     Images  Instances      Box(P          R      mAP50  mAP50-95): 18% ━━────────── 51/269 16.3it/s 3.9s<13.4s
[K                 Class     Images  Instances      Box(P          R      mAP50  mAP50-95): 19% ━━────────── 53/269 16.4it/s 4.0s<13.2s
[K                 Class     Images  Instances      Box(P          R      mAP50  mAP50-95): 20% ━━────────── 55/269 16.0it/s 4.2s<13.4s
[K                 Class     Images  Instances      Box(P          R      mAP50  mAP50-95): 21% ━━╸───────── 57/269 15.8it/s 4.3s<13.4s
[K                 Class     Images  Instances      Box(P          R      mAP50  mAP50-95): 21% ━━╸───────── 59/269 15.7it/s 4.4s<13.4s
[K                 Class     Images  Instances      Box(P          R      mAP50  mAP50-95): 22% ━━╸───────── 61/269 15.9it/s 4.6s<13.0s
[K                 Class     Images  Instances      Box(P          R      mAP50  mAP50-95): 23% ━━╸───────── 63/269 16.3it/s 4.7s<12.7s
[K                 Class     Images  Instances      Box(P          R      mAP50  mAP50-95): 24% ━━╸───────── 65/269 16.3it/s 4.8s<12.5s
[K                 Class     Images  Instances      Box(P          R      mAP50  mAP50-95): 24% ━━╸───────── 67/269 16.4it/s 4.9s<12.3s
[K                 Class     Images  Instances      Box(P          R      mAP50  mAP50-95): 25% ━━━───────── 69/269 16.0it/s 5.1s<12.5s
[K                 Class     Images  Instances      Box(P          R      mAP50  mAP50-95): 26% ━━━───────── 71/269 15.4it/s 5.2s<12.9s
[K                 Class     Images  Instances      Box(P          R      mAP50  mAP50-95): 27% ━━━───────── 73/269 14.9it/s 5.3s<13.1s
[K                 Class     Images  Instances      Box(P          R      mAP50  mAP50-95): 27% ━━━───────── 75/269 14.6it/s 5.5s<13.3s
[K                 Class     Images  Instances      Box(P          R      mAP50  mAP50-95): 28% ━━━───────── 77/269 14.4it/s 5.6s<13.4s
[K                 Class     Images  Instances      Box(P          R      mAP50  mAP50-95): 29% ━━━╸──────── 79/269 14.3it/s 5.8s<13.3s
[K                 Class     Images  Instances      Box(P          R      mAP50  mAP50-95): 30% ━━━╸──────── 81/269 14.3it/s 5.9s<13.1s
[K                 Class     Images  Instances      Box(P          R      mAP50  mAP50-95): 30% ━━━╸──────── 83/269 14.3it/s 6.1s<13.0s
[K                 Class     Images  Instances      Box(P          R      mAP50  mAP50-95): 31% ━━━╸──────── 85/269 14.1it/s 6.2s<13.0s
[K                 Class     Images  Instances      Box(P          R      mAP50  mAP50-95): 32% ━━━╸──────── 87/269 14.2it/s 6.3s<12.8s
[K                 Class     Images  Instances      Box(P          R      mAP50  mAP50-95): 33% ━━━╸──────── 89/269 14.5it/s 6.5s<12.4s
[K                 Class     Images  Instances      Box(P          R      mAP50  mAP50-95): 33% ━━━━──────── 91/269 14.5it/s 6.6s<12.2s
[K                 Class     Images  Instances      Box(P          R      mAP50  mAP50-95): 34% ━━━━──────── 93/269 14.9it/s 6.7s<11.8s
[K                 Class     Images  Instances      Box(P          R      mAP50  mAP50-95): 35% ━━━━──────── 95/269 15.0it/s 6.9s<11.6s
[K                 Class     Images  Instances      Box(P          R      mAP50  mAP50-95): 36% ━━━━──────── 97/269 14.9it/s 7.0s<11.5s
[K                 Class     Images  Instances      Box(P          R      mAP50  mAP50-95): 36% ━━━━──────── 99/269 14.7it/s 7.1s<11.6s
[K                 Class     Images  Instances      Box(P          R      mAP50  mAP50-95): 37% ━━━━╸─────── 101/269 14.5it/s 7.3s<11.6s
[K                 Class     Images  Instances      Box(P          R      mAP50  mAP50-95): 38% ━━━━╸─────── 103/269 14.6it/s 7.4s<11.4s
[K                 Class     Images  Instances      Box(P          R      mAP50  mAP50-95): 39% ━━━━╸─────── 105/269 14.4it/s 7.6s<11.4s
[K                 Class     Images  Instances      Box(P          R      mAP50  mAP50-95): 39% ━━━━╸─────── 107/269 15.0it/s 7.7s<10.8s
[K                 Class     Images  Instances      Box(P          R      mAP50  mAP50-95): 40% ━━━━╸─────── 109/269 15.4it/s 7.8s<10.4s
[K                 Class     Images  Instances      Box(P          R      mAP50  mAP50-95): 41% ━━━━╸─────── 111/269 15.7it/s 7.9s<10.1s
[K                 Class     Images  Instances      Box(P          R      mAP50  mAP50-95): 42% ━━━━━─────── 113/269 16.0it/s 8.0s<9.7s
[K                 Class     Images  Instances      Box(P          R      mAP50  mAP50-95): 42% ━━━━━─────── 115/269 16.2it/s 8.2s<9.5s
[K                 Class     Images  Instances      Box(P          R      mAP50  mAP50-95): 43% ━━━━━─────── 117/269 16.3it/s 8.3s<9.3s
[K                 Class     Images  Instances      Box(P          R      mAP50  mAP50-95): 44% ━━━━━─────── 119/269 16.6it/s 8.4s<9.0s
[K                 Class     Images  Instances      Box(P          R      mAP50  mAP50-95): 44% ━━━━━─────── 121/269 16.6it/s 8.5s<8.9s
[K                 Class     Images  Instances      Box(P          R      mAP50  mAP50-95): 45% ━━━━━─────── 123/269 16.5it/s 8.6s<8.9s
[K                 Class     Images  Instances      Box(P          R      mAP50  mAP50-95): 46% ━━━━━╸────── 125/269 16.4it/s 8.8s<8.8s
[K                 Class     Images  Instances      Box(P          R      mAP50  mAP50-95): 47% ━━━━━╸────── 127/269 16.1it/s 8.9s<8.8s
[K                 Class     Images  Instances      Box(P          R      mAP50  mAP50-95): 47% ━━━━━╸────── 129/269 16.1it/s 9.0s<8.7s
[K                 Class     Images  Instances      Box(P          R      mAP50  mAP50-95): 48% ━━━━━╸────── 131/269 16.3it/s 9.1s<8.5s
[K                 Class     Images  Instances      Box(P          R      mAP50  mAP50-95): 49% ━━━━━╸────── 133/269 16.3it/s 9.3s<8.3s
[K                 Class     Images  Instances      Box(P          R      mAP50  mAP50-95): 50% ━━━━━━────── 135/269 16.4it/s 9.4s<8.2s
[K                 Class     Images  Instances      Box(P          R      mAP50  mAP50-95): 50% ━━━━━━────── 137/269 16.3it/s 9.5s<8.1s
[K                 Class     Images  Instances      Box(P          R      mAP50  mAP50-95): 51% ━━━━━━────── 139/269 16.2it/s 9.6s<8.0s
[K                 Class     Images  Instances      Box(P          R      mAP50  mAP50-95): 52% ━━━━━━────── 141/269 16.2it/s 9.8s<7.9s
[K                 Class     Images  Instances      Box(P          R      mAP50  mAP50-95): 53% ━━━━━━────── 143/269 16.1it/s 9.9s<7.8s
[K                 Class     Images  Instances      Box(P          R      mAP50  mAP50-95): 53% ━━━━━━────── 145/269 16.0it/s 10.0s<7.7s
[K                 Class     Images  Instances      Box(P          R      mAP50  mAP50-95): 54% ━━━━━━╸───── 147/269 16.1it/s 10.1s<7.6s
[K                 Class     Images  Instances      Box(P          R      mAP50  mAP50-95): 55% ━━━━━━╸───── 149/269 16.1it/s 10.3s<7.4s
[K                 Class     Images  Instances      Box(P          R      mAP50  mAP50-95): 56% ━━━━━━╸───── 151/269 16.3it/s 10.4s<7.3s
[K                 Class     Images  Instances      Box(P          R      mAP50  mAP50-95): 56% ━━━━━━╸───── 153/269 16.2it/s 10.5s<7.1s
[K                 Class     Images  Instances      Box(P          R      mAP50  mAP50-95): 57% ━━━━━━╸───── 155/269 16.4it/s 10.6s<7.0s
[K                 Class     Images  Instances      Box(P          R      mAP50  mAP50-95): 58% ━━━━━━━───── 157/269 16.5it/s 10.7s<6.8s
[K                 Class     Images  Instances      Box(P          R      mAP50  mAP50-95): 59% ━━━━━━━───── 159/269 16.4it/s 10.9s<6.7s
[K                 Class     Images  Instances      Box(P          R      mAP50  mAP50-95): 59% ━━━━━━━───── 161/269 16.4it/s 11.0s<6.6s
[K                 Class     Images  Instances      Box(P          R      mAP50  mAP50-95): 60% ━━━━━━━───── 163/269 16.3it/s 11.1s<6.5s
[K                 Class     Images  Instances      Box(P          R      mAP50  mAP50-95): 61% ━━━━━━━───── 165/269 16.4it/s 11.2s<6.4s
[K                 Class     Images  Instances      Box(P          R      mAP50  mAP50-95): 62% ━━━━━━━───── 167/269 16.4it/s 11.4s<6.2s
[K                 Class     Images  Instances      Box(P          R      mAP50  mAP50-95): 62% ━━━━━━━╸──── 169/269 16.0it/s 11.5s<6.3s
[K                 Class     Images  Instances      Box(P          R      mAP50  mAP50-95): 63% ━━━━━━━╸──── 171/269 15.5it/s 11.6s<6.3s
[K                 Class     Images  Instances      Box(P          R      mAP50  mAP50-95): 64% ━━━━━━━╸──── 173/269 15.0it/s 11.8s<6.4s
[K                 Class     Images  Instances      Box(P          R      mAP50  mAP50-95): 65% ━━━━━━━╸──── 175/269 14.7it/s 11.9s<6.4s
[K                 Class     Images  Instances      Box(P          R      mAP50  mAP50-95): 65% ━━━━━━━╸──── 177/269 14.6it/s 12.1s<6.3s
[K                 Class     Images  Instances      Box(P          R      mAP50  mAP50-95): 66% ━━━━━━━╸──── 179/269 14.5it/s 12.2s<6.2s
[K                 Class     Images  Instances      Box(P          R      mAP50  mAP50-95): 67% ━━━━━━━━──── 181/269 14.5it/s 12.3s<6.1s
[K                 Class     Images  Instances      Box(P          R      mAP50  mAP50-95): 68% ━━━━━━━━──── 183/269 14.4it/s 12.5s<6.0s
[K                 Class     Images  Instances      Box(P          R      mAP50  mAP50-95): 68% ━━━━━━━━──── 185/269 14.3it/s 12.6s<5.9s
[K                 Class     Images  Instances      Box(P          R      mAP50  mAP50-95): 69% ━━━━━━━━──── 187/269 14.3it/s 12.8s<5.7s
[K                 Class     Images  Instances      Box(P          R      mAP50  mAP50-95): 70% ━━━━━━━━──── 189/269 14.3it/s 12.9s<5.6s
[K                 Class     Images  Instances      Box(P          R      mAP50  mAP50-95): 71% ━━━━━━━━╸─── 191/269 14.3it/s 13.0s<5.5s
[K                 Class     Images  Instances      Box(P          R      mAP50  mAP50-95): 71% ━━━━━━━━╸─── 193/269 14.3it/s 13.2s<5.3s
[K                 Class     Images  Instances      Box(P          R      mAP50  mAP50-95): 72% ━━━━━━━━╸─── 195/269 14.3it/s 13.3s<5.2s
[K                 Class     Images  Instances      Box(P          R      mAP50  mAP50-95): 73% ━━━━━━━━╸─── 197/269 14.3it/s 13.5s<5.0s
[K                 Class     Images  Instances      Box(P          R      mAP50  mAP50-95): 73% ━━━━━━━━╸─── 199/269 14.2it/s 13.6s<4.9s
[K                 Class     Images  Instances      Box(P          R      mAP50  mAP50-95): 74% ━━━━━━━━╸─── 201/269 14.2it/s 13.7s<4.8s
[K                 Class     Images  Instances      Box(P          R      mAP50  mAP50-95): 75% ━━━━━━━━━─── 203/269 14.3it/s 13.9s<4.6s
[K                 Class     Images  Instances      Box(P          R      mAP50  mAP50-95): 76% ━━━━━━━━━─── 205/269 14.1it/s 14.0s<4.5s
[K                 Class     Images  Instances      Box(P          R      mAP50  mAP50-95): 76% ━━━━━━━━━─── 207/269 14.2it/s 14.2s<4.4s
[K                 Class     Images  Instances      Box(P          R      mAP50  mAP50-95): 77% ━━━━━━━━━─── 209/269 14.2it/s 14.3s<4.2s
[K                 Class     Images  Instances      Box(P          R      mAP50  mAP50-95): 78% ━━━━━━━━━─── 211/269 14.2it/s 14.4s<4.1s
[K                 Class     Images  Instances      Box(P          R      mAP50  mAP50-95): 79% ━━━━━━━━━╸── 213/269 14.3it/s 14.6s<3.9s
[K                 Class     Images  Instances      Box(P          R      mAP50  mAP50-95): 79% ━━━━━━━━━╸── 215/269 13.8it/s 14.7s<3.9s
[K                 Class     Images  Instances      Box(P          R      mAP50  mAP50-95): 80% ━━━━━━━━━╸── 217/269 13.3it/s 14.9s<3.9s
[K                 Class     Images  Instances      Box(P          R      mAP50  mAP50-95): 81% ━━━━━━━━━╸── 219/269 13.1it/s 15.1s<3.8s
[K                 Class     Images  Instances      Box(P          R      mAP50  mAP50-95): 82% ━━━━━━━━━╸── 221/269 13.0it/s 15.2s<3.7s
[K                 Class     Images  Instances      Box(P          R      mAP50  mAP50-95): 82% ━━━━━━━━━╸── 223/269 12.8it/s 15.4s<3.6s
[K                 Class     Images  Instances      Box(P          R      mAP50  mAP50-95): 83% ━━━━━━━━━━── 225/269 12.7it/s 15.5s<3.5s
[K                 Class     Images  Instances      Box(P          R      mAP50  mAP50-95): 84% ━━━━━━━━━━── 227/269 12.7it/s 15.7s<3.3s
[K                 Class     Images  Instances      Box(P          R      mAP50  mAP50-95): 85% ━━━━━━━━━━── 229/269 12.7it/s 15.9s<3.2s
[K                 Class     Images  Instances      Box(P          R      mAP50  mAP50-95): 85% ━━━━━━━━━━── 231/269 12.7it/s 16.0s<3.0s
[K                 Class     Images  Instances      Box(P          R      mAP50  mAP50-95): 86% ━━━━━━━━━━── 233/269 12.3it/s 16.2s<2.9s
[K                 Class     Images  Instances      Box(P          R      mAP50  mAP50-95): 87% ━━━━━━━━━━── 235/269 11.9it/s 16.4s<2.9s
[K                 Class     Images  Instances      Box(P          R      mAP50  mAP50-95): 88% ━━━━━━━━━━╸─ 237/269 11.7it/s 16.6s<2.7s
[K                 Class     Images  Instances      Box(P          R      mAP50  mAP50-95): 88% ━━━━━━━━━━╸─ 239/269 11.5it/s 16.7s<2.6s
[K                 Class     Images  Instances      Box(P          R      mAP50  mAP50-95): 89% ━━━━━━━━━━╸─ 241/269 11.4it/s 16.9s<2.5s
[K                 Class     Images  Instances      Box(P          R      mAP50  mAP50-95): 90% ━━━━━━━━━━╸─ 243/269 11.3it/s 17.1s<2.3s
[K                 Class     Images  Instances      Box(P          R      mAP50  mAP50-95): 91% ━━━━━━━━━━╸─ 245/269 11.3it/s 17.3s<2.1s
[K                 Class     Images  Instances      Box(P          R      mAP50  mAP50-95): 91% ━━━━━━━━━━━─ 247/269 11.4it/s 17.4s<1.9s
[K                 Class     Images  Instances      Box(P          R      mAP50  mAP50-95): 92% ━━━━━━━━━━━─ 249/269 11.4it/s 17.6s<1.8s
[K                 Class     Images  Instances      Box(P          R      mAP50  mAP50-95): 93% ━━━━━━━━━━━─ 251/269 11.4it/s 17.8s<1.6s
[K                 Class     Images  Instances      Box(P          R      mAP50  mAP50-95): 94% ━━━━━━━━━━━─ 253/269 11.4it/s 18.0s<1.4s
[K                 Class     Images  Instances      Box(P          R      mAP50  mAP50-95): 94% ━━━━━━━━━━━─ 255/269 11.5it/s 18.1s<1.2s
[K                 Class     Images  Instances      Box(P          R      mAP50  mAP50-95): 95% ━━━━━━━━━━━─ 257/269 11.2it/s 18.3s<1.1s
[K                 Class     Images  Instances      Box(P          R      mAP50  mAP50-95): 96% ━━━━━━━━━━━╸ 259/269 10.7it/s 18.5s<0.9s
[K                 Class     Images  Instances      Box(P          R      mAP50  mAP50-95): 96% ━━━━━━━━━━━╸ 260/269 10.1it/s 18.7s<0.9s
[K                 Class     Images  Instances      Box(P          R      mAP50  mAP50-95): 97% ━━━━━━━━━━━╸ 261/269 9.7it/s 18.8s<0.8s
[K                 Class     Images  Instances      Box(P          R      mAP50  mAP50-95): 97% ━━━━━━━━━━━╸ 262/269 9.5it/s 18.9s<0.7s
[K                 Class     Images  Instances      Box(P          R      mAP50  mAP50-95): 98% ━━━━━━━━━━━╸ 264/269 10.0it/s 19.1s<0.5s
[K                 Class     Images  Instances      Box(P          R      mAP50  mAP50-95): 98% ━━━━━━━━━━━╸ 266/269 10.6it/s 19.2s<0.3s
[K                 Class     Images  Instances      Box(P          R      mAP50  mAP50-95): 99% ━━━━━━━━━━━╸ 268/269 11.7it/s 19.4s<0.1s
[K                 Class     Images  Instances      Box(P          R      mAP50  mAP50-95): 100% ━━━━━━━━━━━━ 269/269 13.8it/s 19.4s
                   all       4302       5186      0.776      0.719      0.787       0.46
                 smoke       2077       2311      0.823      0.789      0.844       0.53
                  fire       1113       2875      0.729       0.65       0.73      0.389
Speed: 0.4ms preprocess, 3.4ms inference, 0.0ms loss, 0.2ms postprocess per image
Results saved to [1m/home/hp11/sentinel/runs/detect/val-3[0m
mAP50=0.787 mAP50-95=0.460
saved models/smoke_yolo.pt
