[K                 Class     Images  Instances      Box(P          R      mAP50  mAP50-95): 1% ──────────── 2/129 1.8s/it 1.9s<3:52
[K                 Class     Images  Instances      Box(P          R      mAP50  mAP50-95): 2% ──────────── 3/129 1.8s/it 3.7s<3:50
[K                 Class     Images  Instances      Box(P          R      mAP50  mAP50-95): 3% ──────────── 4/129 1.5s/it 4.8s<3:10
[K                 Class     Images  Instances      Box(P          R      mAP50  mAP50-95): 3% ──────────── 5/129 2.4it/s 4.9s<51.8s
[K                 Class     Images  Instances      Box(P          R      mAP50  mAP50-95): 4% ╸─────────── 6/129 3.7it/s 5.1s<33.2s
[K                 Class     Images  Instances      Box(P          R      mAP50  mAP50-95): 5% ╸─────────── 7/129 4.6it/s 5.2s<26.8s
[K                 Class     Images  Instances      Box(P          R      mAP50  mAP50-95): 6% ╸─────────── 8/129 4.9it/s 5.4s<24.5s
[K                 Class     Images  Instances      Box(P          R      mAP50  mAP50-95): 6% ╸─────────── 9/129 4.7it/s 5.6s<25.5s
[K                 Class     Images  Instances      Box(P          R      mAP50  mAP50-95): 7% ╸─────────── 10/129 4.5it/s 5.9s<26.7s
[K                 Class     Images  Instances      Box(P          R      mAP50  mAP50-95): 8% ━─────────── 11/129 4.4it/s 6.1s<27.1s
[K                 Class     Images  Instances      Box(P          R      mAP50  mAP50-95): 9% ━─────────── 12/129 4.2it/s 6.4s<27.6s
[K                 Class     Images  Instances      Box(P          R      mAP50  mAP50-95): 10% ━─────────── 13/129 4.2it/s 6.6s<27.7s
[K                 Class     Images  Instances      Box(P          R      mAP50  mAP50-95): 10% ━─────────── 14/129 4.1it/s 6.9s<27.9s
[K                 Class     Images  Instances      Box(P          R      mAP50  mAP50-95): 11% ━─────────── 15/129 4.1it/s 7.1s<27.8s
[K                 Class     Images  Instances      Box(P          R      mAP50  mAP50-95): 12% ━─────────── 16/129 4.1it/s 7.4s<27.9s
[K                 Class     Images  Instances      Box(P          R      mAP50  mAP50-95): 13% ━╸────────── 17/129 4.0it/s 7.6s<27.7s
[K                 Class     Images  Instances      Box(P          R      mAP50  mAP50-95): 13% ━╸────────── 18/129 4.0it/s 7.9s<27.6s
[K                 Class     Images  Instances      Box(P          R      mAP50  mAP50-95): 14% ━╸────────── 19/129 4.0it/s 8.1s<27.6s
[K                 Class     Images  Instances      Box(P          R      mAP50  mAP50-95): 15% ━╸────────── 20/129 4.0it/s 8.4s<27.4s
[K                 Class     Images  Instances      Box(P          R      mAP50  mAP50-95): 16% ━╸────────── 21/129 4.0it/s 8.6s<27.2s
[K                 Class     Images  Instances      Box(P          R      mAP50  mAP50-95): 17% ━━────────── 22/129 4.0it/s 8.9s<26.6s
[K                 Class     Images  Instances      Box(P          R      mAP50  mAP50-95): 17% ━━────────── 23/129 3.5it/s 9.3s<30.4s
[K                 Class     Images  Instances      Box(P          R      mAP50  mAP50-95): 18% ━━────────── 24/129 3.7it/s 9.6s<28.7s
[K                 Class     Images  Instances      Box(P          R      mAP50  mAP50-95): 19% ━━────────── 25/129 3.5it/s 9.9s<29.5s
[K                 Class     Images  Instances      Box(P          R      mAP50  mAP50-95): 20% ━━────────── 26/129 3.6it/s 10.1s<28.2s
[K                 Class     Images  Instances      Box(P          R      mAP50  mAP50-95): 20% ━━╸───────── 27/129 3.9it/s 10.4s<25.9s
[K                 Class     Images  Instances      Box(P          R      mAP50  mAP50-95): 21% ━━╸───────── 28/129 4.8it/s 10.5s<21.1s
[K                 Class     Images  Instances      Box(P          R      mAP50  mAP50-95): 22% ━━╸───────── 29/129 5.1it/s 10.7s<19.5s
[K                 Class     Images  Instances      Box(P          R      mAP50  mAP50-95): 23% ━━╸───────── 30/129 5.6it/s 10.8s<17.7s
[K                 Class     Images  Instances      Box(P          R      mAP50  mAP50-95): 24% ━━╸───────── 31/129 5.4it/s 11.0s<18.1s
[K                 Class     Images  Instances      Box(P          R      mAP50  mAP50-95): 24% ━━╸───────── 32/129 5.1it/s 11.2s<18.9s
[K                 Class     Images  Instances      Box(P          R      mAP50  mAP50-95): 25% ━━━───────── 33/129 5.1it/s 11.4s<18.8s
[K                 Class     Images  Instances      Box(P          R      mAP50  mAP50-95): 26% ━━━───────── 34/129 4.8it/s 11.7s<19.7s
[K                 Class     Images  Instances      Box(P          R      mAP50  mAP50-95): 27% ━━━───────── 35/129 4.6it/s 11.9s<20.4s
[K                 Class     Images  Instances      Box(P          R      mAP50  mAP50-95): 27% ━━━───────── 36/129 4.4it/s 12.2s<20.9s
[K                 Class     Images  Instances      Box(P          R      mAP50  mAP50-95): 28% ━━━───────── 37/129 4.3it/s 12.4s<21.2s
[K                 Class     Images  Instances      Box(P          R      mAP50  mAP50-95): 29% ━━━╸──────── 38/129 4.3it/s 12.7s<21.0s
[K                 Class     Images  Instances      Box(P          R      mAP50  mAP50-95): 30% ━━━╸──────── 39/129 4.2it/s 12.9s<21.3s
[K                 Class     Images  Instances      Box(P          R      mAP50  mAP50-95): 31% ━━━╸──────── 40/129 4.1it/s 13.2s<21.9s
[K                 Class     Images  Instances      Box(P          R      mAP50  mAP50-95): 31% ━━━╸──────── 41/129 4.2it/s 13.4s<20.8s
[K                 Class     Images  Instances      Box(P          R      mAP50  mAP50-95): 32% ━━━╸──────── 42/129 4.2it/s 13.6s<20.6s
[K                 Class     Images  Instances      Box(P          R      mAP50  mAP50-95): 33% ━━━━──────── 43/129 4.2it/s 13.9s<20.5s
[K                 Class     Images  Instances      Box(P          R      mAP50  mAP50-95): 34% ━━━━──────── 44/129 4.1it/s 14.1s<20.5s
[K                 Class     Images  Instances      Box(P          R      mAP50  mAP50-95): 34% ━━━━──────── 45/129 4.1it/s 14.4s<20.3s
[K                 Class     Images  Instances      Box(P          R      mAP50  mAP50-95): 35% ━━━━──────── 46/129 4.1it/s 14.6s<20.3s
[K                 Class     Images  Instances      Box(P          R      mAP50  mAP50-95): 36% ━━━━──────── 47/129 4.1it/s 14.9s<19.9s
[K                 Class     Images  Instances      Box(P          R      mAP50  mAP50-95): 37% ━━━━──────── 48/129 4.3it/s 15.1s<18.8s
[K                 Class     Images  Instances      Box(P          R      mAP50  mAP50-95): 37% ━━━━╸─────── 49/129 5.0it/s 15.2s<16.1s
[K                 Class     Images  Instances      Box(P          R      mAP50  mAP50-95): 38% ━━━━╸─────── 50/129 5.5it/s 15.4s<14.3s
[K                 Class     Images  Instances      Box(P          R      mAP50  mAP50-95): 39% ━━━━╸─────── 51/129 5.8it/s 15.5s<13.5s
[K                 Class     Images  Instances      Box(P          R      mAP50  mAP50-95): 40% ━━━━╸─────── 52/129 5.9it/s 15.7s<13.0s
[K                 Class     Images  Instances      Box(P          R      mAP50  mAP50-95): 41% ━━━━╸─────── 53/129 6.2it/s 15.8s<12.4s
[K                 Class     Images  Instances      Box(P          R      mAP50  mAP50-95): 41% ━━━━━─────── 54/129 6.1it/s 16.0s<12.3s
[K                 Class     Images  Instances      Box(P          R      mAP50  mAP50-95): 42% ━━━━━─────── 55/129 6.3it/s 16.1s<11.8s
[K                 Class     Images  Instances      Box(P          R      mAP50  mAP50-95): 43% ━━━━━─────── 56/129 6.0it/s 16.3s<12.2s
[K                 Class     Images  Instances      Box(P          R      mAP50  mAP50-95): 44% ━━━━━─────── 57/129 5.4it/s 16.6s<13.2s
[K                 Class     Images  Instances      Box(P          R      mAP50  mAP50-95): 44% ━━━━━─────── 58/129 5.0it/s 16.8s<14.1s
[K                 Class     Images  Instances      Box(P          R      mAP50  mAP50-95): 45% ━━━━━─────── 59/129 4.8it/s 17.1s<14.6s
[K                 Class     Images  Instances      Box(P          R      mAP50  mAP50-95): 46% ━━━━━╸────── 60/129 4.6it/s 17.3s<15.1s
[K                 Class     Images  Instances      Box(P          R      mAP50  mAP50-95): 47% ━━━━━╸────── 61/129 4.4it/s 17.6s<15.5s
[K                 Class     Images  Instances      Box(P          R      mAP50  mAP50-95): 48% ━━━━━╸────── 62/129 4.3it/s 17.8s<15.6s
[K                 Class     Images  Instances      Box(P          R      mAP50  mAP50-95): 48% ━━━━━╸────── 63/129 4.3it/s 18.0s<15.2s
[K                 Class     Images  Instances      Box(P          R      mAP50  mAP50-95): 49% ━━━━━╸────── 64/129 4.5it/s 18.2s<14.6s
[K                 Class     Images  Instances      Box(P          R      mAP50  mAP50-95): 50% ━━━━━━────── 65/129 5.0it/s 18.4s<12.9s
[K                 Class     Images  Instances      Box(P          R      mAP50  mAP50-95): 51% ━━━━━━────── 66/129 5.5it/s 18.5s<11.4s
[K                 Class     Images  Instances      Box(P          R      mAP50  mAP50-95): 51% ━━━━━━────── 67/129 5.8it/s 18.7s<10.7s
[K                 Class     Images  Instances      Box(P          R      mAP50  mAP50-95): 52% ━━━━━━────── 68/129 6.0it/s 18.9s<10.1s
[K                 Class     Images  Instances      Box(P          R      mAP50  mAP50-95): 53% ━━━━━━────── 69/129 5.7it/s 19.1s<10.5s
[K                 Class     Images  Instances      Box(P          R      mAP50  mAP50-95): 54% ━━━━━━╸───── 70/129 5.2it/s 19.3s<11.4s
[K                 Class     Images  Instances      Box(P          R      mAP50  mAP50-95): 55% ━━━━━━╸───── 71/129 5.0it/s 19.5s<11.7s
[K                 Class     Images  Instances      Box(P          R      mAP50  mAP50-95): 55% ━━━━━━╸───── 72/129 4.8it/s 19.8s<11.9s
[K                 Class     Images  Instances      Box(P          R      mAP50  mAP50-95): 56% ━━━━━━╸───── 73/129 4.4it/s 20.1s<12.9s
[K                 Class     Images  Instances      Box(P          R      mAP50  mAP50-95): 57% ━━━━━━╸───── 74/129 4.8it/s 20.2s<11.4s
[K                 Class     Images  Instances      Box(P          R      mAP50  mAP50-95): 58% ━━━━━━╸───── 75/129 4.9it/s 20.4s<10.9s
[K                 Class     Images  Instances      Box(P          R      mAP50  mAP50-95): 58% ━━━━━━━───── 76/129 5.4it/s 20.6s<9.8s
[K                 Class     Images  Instances      Box(P          R      mAP50  mAP50-95): 59% ━━━━━━━───── 77/129 5.7it/s 20.7s<9.2s
[K                 Class     Images  Instances      Box(P          R      mAP50  mAP50-95): 60% ━━━━━━━───── 78/129 6.0it/s 20.9s<8.5s
[K                 Class     Images  Instances      Box(P          R      mAP50  mAP50-95): 61% ━━━━━━━───── 79/129 6.1it/s 21.0s<8.2s
[K                 Class     Images  Instances      Box(P          R      mAP50  mAP50-95): 62% ━━━━━━━───── 80/129 6.3it/s 21.2s<7.8s
[K                 Class     Images  Instances      Box(P          R      mAP50  mAP50-95): 62% ━━━━━━━╸──── 81/129 6.4it/s 21.3s<7.5s
[K                 Class     Images  Instances      Box(P          R      mAP50  mAP50-95): 63% ━━━━━━━╸──── 82/129 6.6it/s 21.5s<7.1s
[K                 Class     Images  Instances      Box(P          R      mAP50  mAP50-95): 64% ━━━━━━━╸──── 83/129 6.5it/s 21.6s<7.1s
[K                 Class     Images  Instances      Box(P          R      mAP50  mAP50-95): 65% ━━━━━━━╸──── 84/129 6.2it/s 21.8s<7.3s
[K                 Class     Images  Instances      Box(P          R      mAP50  mAP50-95): 65% ━━━━━━━╸──── 85/129 6.3it/s 22.0s<6.9s
[K                 Class     Images  Instances      Box(P          R      mAP50  mAP50-95): 66% ━━━━━━━━──── 86/129 6.3it/s 22.1s<6.8s
[K                 Class     Images  Instances      Box(P          R      mAP50  mAP50-95): 67% ━━━━━━━━──── 87/129 6.5it/s 22.3s<6.5s
[K                 Class     Images  Instances      Box(P          R      mAP50  mAP50-95): 68% ━━━━━━━━──── 88/129 6.6it/s 22.4s<6.2s
[K                 Class     Images  Instances      Box(P          R      mAP50  mAP50-95): 68% ━━━━━━━━──── 89/129 6.5it/s 22.6s<6.2s
[K                 Class     Images  Instances      Box(P          R      mAP50  mAP50-95): 69% ━━━━━━━━──── 90/129 6.0it/s 22.8s<6.5s
[K                 Class     Images  Instances      Box(P          R      mAP50  mAP50-95): 70% ━━━━━━━━──── 91/129 5.7it/s 23.0s<6.7s
[K                 Class     Images  Instances      Box(P          R      mAP50  mAP50-95): 71% ━━━━━━━━╸─── 92/129 5.3it/s 23.2s<6.9s
[K                 Class     Images  Instances      Box(P          R      mAP50  mAP50-95): 72% ━━━━━━━━╸─── 93/129 4.9it/s 23.5s<7.3s
[K                 Class     Images  Instances      Box(P          R      mAP50  mAP50-95): 72% ━━━━━━━━╸─── 94/129 4.7it/s 23.7s<7.5s
[K                 Class     Images  Instances      Box(P          R      mAP50  mAP50-95): 73% ━━━━━━━━╸─── 95/129 4.5it/s 24.0s<7.6s
[K                 Class     Images  Instances      Box(P          R      mAP50  mAP50-95): 74% ━━━━━━━━╸─── 96/129 4.4it/s 24.2s<7.6s
[K                 Class     Images  Instances      Box(P          R      mAP50  mAP50-95): 75% ━━━━━━━━━─── 97/129 4.3it/s 24.4s<7.5s
[K                 Class     Images  Instances      Box(P          R      mAP50  mAP50-95): 75% ━━━━━━━━━─── 98/129 4.4it/s 24.7s<7.0s
[K                 Class     Images  Instances      Box(P          R      mAP50  mAP50-95): 76% ━━━━━━━━━─── 99/129 4.3it/s 24.9s<7.0s
[K                 Class     Images  Instances      Box(P          R      mAP50  mAP50-95): 77% ━━━━━━━━━─── 100/129 4.2it/s 25.2s<6.9s
[K                 Class     Images  Instances      Box(P          R      mAP50  mAP50-95): 78% ━━━━━━━━━─── 101/129 4.1it/s 25.4s<6.8s
[K                 Class     Images  Instances      Box(P          R      mAP50  mAP50-95): 79% ━━━━━━━━━─── 102/129 4.1it/s 25.7s<6.6s
[K                 Class     Images  Instances      Box(P          R      mAP50  mAP50-95): 79% ━━━━━━━━━╸── 103/129 4.0it/s 25.9s<6.5s
[K                 Class     Images  Instances      Box(P          R      mAP50  mAP50-95): 80% ━━━━━━━━━╸── 104/129 4.2it/s 26.1s<6.0s
[K                 Class     Images  Instances      Box(P          R      mAP50  mAP50-95): 81% ━━━━━━━━━╸── 105/129 4.4it/s 26.4s<5.5s
[K                 Class     Images  Instances      Box(P          R      mAP50  mAP50-95): 82% ━━━━━━━━━╸── 106/129 4.4it/s 26.6s<5.2s
[K                 Class     Images  Instances      Box(P          R      mAP50  mAP50-95): 82% ━━━━━━━━━╸── 107/129 4.5it/s 26.8s<4.9s
[K                 Class     Images  Instances      Box(P          R      mAP50  mAP50-95): 83% ━━━━━━━━━━── 108/129 4.5it/s 27.0s<4.6s
[K                 Class     Images  Instances      Box(P          R      mAP50  mAP50-95): 84% ━━━━━━━━━━── 109/129 4.7it/s 27.2s<4.3s
[K                 Class     Images  Instances      Box(P          R      mAP50  mAP50-95): 85% ━━━━━━━━━━── 110/129 5.1it/s 27.4s<3.7s
[K                 Class     Images  Instances      Box(P          R      mAP50  mAP50-95): 86% ━━━━━━━━━━── 111/129 5.4it/s 27.5s<3.3s
[K                 Class     Images  Instances      Box(P          R      mAP50  mAP50-95): 86% ━━━━━━━━━━── 112/129 5.6it/s 27.7s<3.0s
[K                 Class     Images  Instances      Box(P          R      mAP50  mAP50-95): 87% ━━━━━━━━━━╸─ 113/129 5.9it/s 27.8s<2.7s
[K                 Class     Images  Instances      Box(P          R      mAP50  mAP50-95): 88% ━━━━━━━━━━╸─ 114/129 5.9it/s 28.0s<2.5s
[K                 Class     Images  Instances      Box(P          R      mAP50  mAP50-95): 89% ━━━━━━━━━━╸─ 115/129 5.4it/s 28.3s<2.6s
[K                 Class     Images  Instances      Box(P          R      mAP50  mAP50-95): 89% ━━━━━━━━━━╸─ 116/129 5.0it/s 28.5s<2.6s
[K                 Class     Images  Instances      Box(P          R      mAP50  mAP50-95): 90% ━━━━━━━━━━╸─ 117/129 4.8it/s 28.7s<2.5s
[K                 Class     Images  Instances      Box(P          R      mAP50  mAP50-95): 91% ━━━━━━━━━━╸─ 118/129 4.6it/s 29.0s<2.4s
[K                 Class     Images  Instances      Box(P          R      mAP50  mAP50-95): 92% ━━━━━━━━━━━─ 119/129 4.4it/s 29.2s<2.3s
[K                 Class     Images  Instances      Box(P          R      mAP50  mAP50-95): 93% ━━━━━━━━━━━─ 120/129 4.3it/s 29.5s<2.1s
[K                 Class     Images  Instances      Box(P          R      mAP50  mAP50-95): 93% ━━━━━━━━━━━─ 121/129 4.6it/s 29.7s<1.7s
[K                 Class     Images  Instances      Box(P          R      mAP50  mAP50-95): 94% ━━━━━━━━━━━─ 122/129 4.5it/s 29.9s<1.6s
[K                 Class     Images  Instances      Box(P          R      mAP50  mAP50-95): 95% ━━━━━━━━━━━─ 123/129 5.2it/s 30.0s<1.2s
[K                 Class     Images  Instances      Box(P          R      mAP50  mAP50-95): 96% ━━━━━━━━━━━╸ 124/129 5.4it/s 30.2s<0.9s
[K                 Class     Images  Instances      Box(P          R      mAP50  mAP50-95): 96% ━━━━━━━━━━━╸ 125/129 5.7it/s 30.4s<0.7s
[K                 Class     Images  Instances      Box(P          R      mAP50  mAP50-95): 97% ━━━━━━━━━━━╸ 126/129 5.5it/s 30.6s<0.5s
[K                 Class     Images  Instances      Box(P          R      mAP50  mAP50-95): 98% ━━━━━━━━━━━╸ 127/129 5.1it/s 30.8s<0.4s
[K                 Class     Images  Instances      Box(P          R      mAP50  mAP50-95): 99% ━━━━━━━━━━━╸ 128/129 4.8it/s 31.1s<0.2s
[K                 Class     Images  Instances      Box(P          R      mAP50  mAP50-95): 100% ━━━━━━━━━━━━ 129/129 4.1it/s 31.1s
                   all       4099       3942      0.706      0.718      0.728      0.473
                 smoke       3345       3942      0.706      0.718      0.728      0.473
Speed: 0.6ms preprocess, 5.4ms inference, 0.0ms loss, 0.4ms postprocess per image
Results saved to [1m/home/hp11/sentinel/runs/tower[0m
Ultralytics 8.4.160 🚀 Python-3.12.3 torch-2.14.0+cu130 CUDA:0 (NVIDIA GB10, 124546MiB)
YOLO11s summary (fused): 100 layers, 9,413,574 parameters, 0 gradients, 21.4 GFLOPs
[34m[1mval: [0mFast image access ✅ (ping: 0.0±0.0 ms, read: 1081.4±1671.1 MB/s, size: 73.4 KB)
[K[34m[1mval: [0mScanning /home/hp11/sentinel/data/pyro_yolo/val/labels.cache... 4099 images, 754 backgrounds, 0 corrupt: 100% ━━━━━━━━━━━━ 4099/4099 1.7Git/s 0.0s
[K                 Class     Images  Instances      Box(P          R      mAP50  mAP50-95): 0% ──────────── 1/257 2.4s/it 0.7s<10:14
[K                 Class     Images  Instances      Box(P          R      mAP50  mAP50-95): 0% ──────────── 2/257 2.4s/it 3.2s<10:19
[K                 Class     Images  Instances      Box(P          R      mAP50  mAP50-95): 1% ──────────── 3/257 2.2s/it 5.0s<9:17
[K                 Class     Images  Instances      Box(P          R      mAP50  mAP50-95): 1% ──────────── 4/257 1.5s/it 5.9s<6:28
[K                 Class     Images  Instances      Box(P          R      mAP50  mAP50-95): 1% ──────────── 5/257 2.5it/s 6.1s<1:40
[K                 Class     Images  Instances      Box(P          R      mAP50  mAP50-95): 2% ──────────── 6/257 3.9it/s 6.2s<1:04
[K                 Class     Images  Instances      Box(P          R      mAP50  mAP50-95): 2% ──────────── 7/257 4.8it/s 6.3s<51.5s
[K                 Class     Images  Instances      Box(P          R      mAP50  mAP50-95): 3% ──────────── 8/257 5.6it/s 6.5s<44.5s
[K                 Class     Images  Instances      Box(P          R      mAP50  mAP50-95): 3% ──────────── 9/257 6.0it/s 6.6s<41.1s
[K                 Class     Images  Instances      Box(P          R      mAP50  mAP50-95): 3% ──────────── 10/257 6.3it/s 6.8s<38.9s
[K                 Class     Images  Instances      Box(P          R      mAP50  mAP50-95): 4% ╸─────────── 11/257 6.5it/s 6.9s<37.7s
[K                 Class     Images  Instances      Box(P          R      mAP50  mAP50-95): 4% ╸─────────── 12/257 6.7it/s 7.0s<36.8s
[K                 Class     Images  Instances      Box(P          R      mAP50  mAP50-95): 5% ╸─────────── 13/257 6.9it/s 7.2s<35.6s
[K                 Class     Images  Instances      Box(P          R      mAP50  mAP50-95): 5% ╸─────────── 14/257 7.1it/s 7.3s<34.5s
[K                 Class     Images  Instances      Box(P          R      mAP50  mAP50-95): 5% ╸─────────── 15/257 7.2it/s 7.5s<33.8s
[K                 Class     Images  Instances      Box(P          R      mAP50  mAP50-95): 6% ╸─────────── 16/257 7.2it/s 7.6s<33.5s
[K                 Class     Images  Instances      Box(P          R      mAP50  mAP50-95): 6% ╸─────────── 17/257 7.2it/s 7.7s<33.6s
[K                 Class     Images  Instances      Box(P          R      mAP50  mAP50-95): 7% ╸─────────── 18/257 7.1it/s 7.9s<33.5s
[K                 Class     Images  Instances      Box(P          R      mAP50  mAP50-95): 7% ╸─────────── 19/257 7.1it/s 8.0s<33.5s
[K                 Class     Images  Instances      Box(P          R      mAP50  mAP50-95): 7% ╸─────────── 20/257 7.1it/s 8.2s<33.6s
[K                 Class     Images  Instances      Box(P          R      mAP50  mAP50-95): 8% ╸─────────── 21/257 7.1it/s 8.3s<33.4s
[K                 Class     Images  Instances      Box(P          R      mAP50  mAP50-95): 8% ━─────────── 22/257 7.0it/s 8.4s<33.7s
[K                 Class     Images  Instances      Box(P          R      mAP50  mAP50-95): 8% ━─────────── 23/257 7.0it/s 8.6s<33.3s
[K                 Class     Images  Instances      Box(P          R      mAP50  mAP50-95): 9% ━─────────── 24/257 7.0it/s 8.7s<33.1s
[K                 Class     Images  Instances      Box(P          R      mAP50  mAP50-95): 9% ━─────────── 25/257 7.0it/s 8.9s<32.9s
[K                 Class     Images  Instances      Box(P          R      mAP50  mAP50-95): 10% ━─────────── 26/257 7.1it/s 9.0s<32.5s
[K                 Class     Images  Instances      Box(P          R      mAP50  mAP50-95): 10% ━─────────── 27/257 7.1it/s 9.1s<32.4s
[K                 Class     Images  Instances      Box(P          R      mAP50  mAP50-95): 10% ━─────────── 28/257 7.1it/s 9.3s<32.3s
[K                 Class     Images  Instances      Box(P          R      mAP50  mAP50-95): 11% ━─────────── 29/257 7.1it/s 9.4s<32.2s
[K                 Class     Images  Instances      Box(P          R      mAP50  mAP50-95): 11% ━─────────── 30/257 7.1it/s 9.6s<32.0s
[K                 Class     Images  Instances      Box(P          R      mAP50  mAP50-95): 12% ━─────────── 31/257 7.1it/s 9.7s<32.0s
[K                 Class     Images  Instances      Box(P          R      mAP50  mAP50-95): 12% ━─────────── 32/257 7.0it/s 9.9s<32.0s
[K                 Class     Images  Instances      Box(P          R      mAP50  mAP50-95): 12% ━╸────────── 33/257 7.0it/s 10.0s<31.8s
[K                 Class     Images  Instances      Box(P          R      mAP50  mAP50-95): 13% ━╸────────── 34/257 7.1it/s 10.1s<31.6s
[K                 Class     Images  Instances      Box(P          R      mAP50  mAP50-95): 13% ━╸────────── 35/257 7.1it/s 10.3s<31.4s
[K                 Class     Images  Instances      Box(P          R      mAP50  mAP50-95): 14% ━╸────────── 36/257 7.1it/s 10.4s<31.2s
[K                 Class     Images  Instances      Box(P          R      mAP50  mAP50-95): 14% ━╸────────── 37/257 7.1it/s 10.6s<31.1s
[K                 Class     Images  Instances      Box(P          R      mAP50  mAP50-95): 14% ━╸────────── 38/257 7.1it/s 10.7s<30.9s
[K                 Class     Images  Instances      Box(P          R      mAP50  mAP50-95): 15% ━╸────────── 39/257 7.1it/s 10.8s<30.6s
[K                 Class     Images  Instances      Box(P          R      mAP50  mAP50-95): 15% ━╸────────── 40/257 7.1it/s 11.0s<30.5s
[K                 Class     Images  Instances      Box(P          R      mAP50  mAP50-95): 15% ━╸────────── 41/257 7.1it/s 11.1s<30.5s
[K                 Class     Images  Instances      Box(P          R      mAP50  mAP50-95): 16% ━╸────────── 42/257 7.1it/s 11.3s<30.3s
[K                 Class     Images  Instances      Box(P          R      mAP50  mAP50-95): 16% ━━────────── 43/257 7.1it/s 11.4s<30.1s
[K                 Class     Images  Instances      Box(P          R      mAP50  mAP50-95): 17% ━━────────── 44/257 7.1it/s 11.6s<30.1s
[K                 Class     Images  Instances      Box(P          R      mAP50  mAP50-95): 17% ━━────────── 45/257 7.1it/s 11.7s<30.0s
[K                 Class     Images  Instances      Box(P          R      mAP50  mAP50-95): 17% ━━────────── 46/257 7.1it/s 11.8s<29.9s
[K                 Class     Images  Instances      Box(P          R      mAP50  mAP50-95): 18% ━━────────── 47/257 7.0it/s 12.0s<29.9s
[K                 Class     Images  Instances      Box(P          R      mAP50  mAP50-95): 18% ━━────────── 48/257 7.0it/s 12.1s<29.7s
[K                 Class     Images  Instances      Box(P          R      mAP50  mAP50-95): 19% ━━────────── 49/257 7.1it/s 12.3s<29.5s
[K                 Class     Images  Instances      Box(P          R      mAP50  mAP50-95): 19% ━━────────── 50/257 7.1it/s 12.4s<29.1s
[K                 Class     Images  Instances      Box(P          R      mAP50  mAP50-95): 19% ━━────────── 51/257 7.1it/s 12.5s<29.2s
[K                 Class     Images  Instances      Box(P          R      mAP50  mAP50-95): 20% ━━────────── 52/257 7.1it/s 12.7s<29.0s
[K                 Class     Images  Instances      Box(P          R      mAP50  mAP50-95): 20% ━━────────── 53/257 7.1it/s 12.8s<28.7s
[K                 Class     Images  Instances      Box(P          R      mAP50  mAP50-95): 21% ━━╸───────── 54/257 7.1it/s 13.0s<28.6s
[K                 Class     Images  Instances      Box(P          R      mAP50  mAP50-95): 21% ━━╸───────── 55/257 7.1it/s 13.1s<28.5s
[K                 Class     Images  Instances      Box(P          R      mAP50  mAP50-95): 21% ━━╸───────── 56/257 7.1it/s 13.2s<28.3s
[K                 Class     Images  Instances      Box(P          R      mAP50  mAP50-95): 22% ━━╸───────── 57/257 7.1it/s 13.4s<28.2s
[K                 Class     Images  Instances      Box(P          R      mAP50  mAP50-95): 22% ━━╸───────── 58/257 7.1it/s 13.5s<27.9s
[K                 Class     Images  Instances      Box(P          R      mAP50  mAP50-95): 22% ━━╸───────── 59/257 7.2it/s 13.7s<27.7s
[K                 Class     Images  Instances      Box(P          R      mAP50  mAP50-95): 23% ━━╸───────── 60/257 7.1it/s 13.8s<27.6s
[K                 Class     Images  Instances      Box(P          R      mAP50  mAP50-95): 23% ━━╸───────── 61/257 7.1it/s 13.9s<27.5s
[K                 Class     Images  Instances      Box(P          R      mAP50  mAP50-95): 24% ━━╸───────── 62/257 7.1it/s 14.1s<27.3s
[K                 Class     Images  Instances      Box(P          R      mAP50  mAP50-95): 24% ━━╸───────── 63/257 7.1it/s 14.2s<27.2s
[K                 Class     Images  Instances      Box(P          R      mAP50  mAP50-95): 24% ━━╸───────── 64/257 7.1it/s 14.4s<27.2s
[K                 Class     Images  Instances      Box(P          R      mAP50  mAP50-95): 25% ━━━───────── 65/257 7.1it/s 14.5s<27.0s
[K                 Class     Images  Instances      Box(P          R      mAP50  mAP50-95): 25% ━━━───────── 66/257 7.1it/s 14.6s<26.9s
[K                 Class     Images  Instances      Box(P          R      mAP50  mAP50-95): 26% ━━━───────── 67/257 7.1it/s 14.8s<26.7s
[K                 Class     Images  Instances      Box(P          R      mAP50  mAP50-95): 26% ━━━───────── 68/257 7.1it/s 14.9s<26.6s
[K                 Class     Images  Instances      Box(P          R      mAP50  mAP50-95): 26% ━━━───────── 69/257 7.1it/s 15.1s<26.5s
[K                 Class     Images  Instances      Box(P          R      mAP50  mAP50-95): 27% ━━━───────── 70/257 7.2it/s 15.2s<26.0s
[K                 Class     Images  Instances      Box(P          R      mAP50  mAP50-95): 27% ━━━───────── 71/257 7.2it/s 15.3s<25.9s
[K                 Class     Images  Instances      Box(P          R      mAP50  mAP50-95): 28% ━━━───────── 72/257 7.2it/s 15.5s<25.6s
[K                 Class     Images  Instances      Box(P          R      mAP50  mAP50-95): 28% ━━━───────── 73/257 7.2it/s 15.6s<25.6s
[K                 Class     Images  Instances      Box(P          R      mAP50  mAP50-95): 28% ━━━───────── 74/257 7.2it/s 15.8s<25.3s
[K                 Class     Images  Instances      Box(P          R      mAP50  mAP50-95): 29% ━━━╸──────── 75/257 7.3it/s 15.9s<25.0s
[K                 Class     Images  Instances      Box(P          R      mAP50  mAP50-95): 29% ━━━╸──────── 76/257 7.3it/s 16.0s<24.7s
[K                 Class     Images  Instances      Box(P          R      mAP50  mAP50-95): 29% ━━━╸──────── 77/257 7.3it/s 16.2s<24.7s
[K                 Class     Images  Instances      Box(P          R      mAP50  mAP50-95): 30% ━━━╸──────── 78/257 7.3it/s 16.3s<24.5s
[K                 Class     Images  Instances      Box(P          R      mAP50  mAP50-95): 30% ━━━╸──────── 79/257 7.2it/s 16.4s<24.7s
[K                 Class     Images  Instances      Box(P          R      mAP50  mAP50-95): 31% ━━━╸──────── 80/257 7.2it/s 16.6s<24.6s
[K                 Class     Images  Instances      Box(P          R      mAP50  mAP50-95): 31% ━━━╸──────── 81/257 7.2it/s 16.7s<24.5s
[K                 Class     Images  Instances      Box(P          R      mAP50  mAP50-95): 31% ━━━╸──────── 82/257 7.2it/s 16.9s<24.3s
[K                 Class     Images  Instances      Box(P          R      mAP50  mAP50-95): 32% ━━━╸──────── 83/257 7.2it/s 17.0s<24.3s
[K                 Class     Images  Instances      Box(P          R      mAP50  mAP50-95): 32% ━━━╸──────── 84/257 7.2it/s 17.1s<24.1s
[K                 Class     Images  Instances      Box(P          R      mAP50  mAP50-95): 33% ━━━╸──────── 85/257 7.2it/s 17.3s<23.9s
[K                 Class     Images  Instances      Box(P          R      mAP50  mAP50-95): 33% ━━━━──────── 86/257 7.2it/s 17.4s<23.7s
[K                 Class     Images  Instances      Box(P          R      mAP50  mAP50-95): 33% ━━━━──────── 87/257 7.2it/s 17.6s<23.6s
[K                 Class     Images  Instances      Box(P          R      mAP50  mAP50-95): 34% ━━━━──────── 88/257 7.2it/s 17.7s<23.4s
[K                 Class     Images  Instances      Box(P          R      mAP50  mAP50-95): 34% ━━━━──────── 89/257 7.2it/s 17.8s<23.3s
[K                 Class     Images  Instances      Box(P          R      mAP50  mAP50-95): 35% ━━━━──────── 90/257 7.2it/s 18.0s<23.1s
[K                 Class     Images  Instances      Box(P          R      mAP50  mAP50-95): 35% ━━━━──────── 91/257 7.2it/s 18.1s<23.1s
[K                 Class     Images  Instances      Box(P          R      mAP50  mAP50-95): 35% ━━━━──────── 92/257 7.2it/s 18.3s<22.9s
[K                 Class     Images  Instances      Box(P          R      mAP50  mAP50-95): 36% ━━━━──────── 93/257 7.2it/s 18.4s<22.7s
[K                 Class     Images  Instances      Box(P          R      mAP50  mAP50-95): 36% ━━━━──────── 94/257 7.2it/s 18.5s<22.7s
[K                 Class     Images  Instances      Box(P          R      mAP50  mAP50-95): 36% ━━━━──────── 95/257 7.1it/s 18.7s<22.7s
[K                 Class     Images  Instances      Box(P          R      mAP50  mAP50-95): 37% ━━━━──────── 96/257 7.1it/s 18.8s<22.6s
[K                 Class     Images  Instances      Box(P          R      mAP50  mAP50-95): 37% ━━━━╸─────── 97/257 7.1it/s 19.0s<22.4s
[K                 Class     Images  Instances      Box(P          R      mAP50  mAP50-95): 38% ━━━━╸─────── 98/257 7.1it/s 19.1s<22.3s
[K                 Class     Images  Instances      Box(P          R      mAP50  mAP50-95): 38% ━━━━╸─────── 99/257 7.2it/s 19.2s<22.0s
[K                 Class     Images  Instances      Box(P          R      mAP50  mAP50-95): 38% ━━━━╸─────── 100/257 7.2it/s 19.4s<21.7s
[K                 Class     Images  Instances      Box(P          R      mAP50  mAP50-95): 39% ━━━━╸─────── 101/257 7.2it/s 19.5s<21.7s
[K                 Class     Images  Instances      Box(P          R      mAP50  mAP50-95): 39% ━━━━╸─────── 102/257 7.2it/s 19.6s<21.6s
[K                 Class     Images  Instances      Box(P          R      mAP50  mAP50-95): 40% ━━━━╸─────── 103/257 7.2it/s 19.8s<21.4s
[K                 Class     Images  Instances      Box(P          R      mAP50  mAP50-95): 40% ━━━━╸─────── 104/257 7.2it/s 19.9s<21.3s
[K                 Class     Images  Instances      Box(P          R      mAP50  mAP50-95): 40% ━━━━╸─────── 105/257 7.2it/s 20.1s<21.2s
[K                 Class     Images  Instances      Box(P          R      mAP50  mAP50-95): 41% ━━━━╸─────── 106/257 7.1it/s 20.2s<21.1s
[K                 Class     Images  Instances      Box(P          R      mAP50  mAP50-95): 41% ━━━━╸─────── 107/257 7.2it/s 20.3s<20.9s
[K                 Class     Images  Instances      Box(P          R      mAP50  mAP50-95): 42% ━━━━━─────── 108/257 7.2it/s 20.5s<20.7s
[K                 Class     Images  Instances      Box(P          R      mAP50  mAP50-95): 42% ━━━━━─────── 109/257 7.2it/s 20.6s<20.6s
[K                 Class     Images  Instances      Box(P          R      mAP50  mAP50-95): 42% ━━━━━─────── 110/257 7.2it/s 20.8s<20.5s
[K                 Class     Images  Instances      Box(P          R      mAP50  mAP50-95): 43% ━━━━━─────── 111/257 7.1it/s 20.9s<20.5s
[K                 Class     Images  Instances      Box(P          R      mAP50  mAP50-95): 43% ━━━━━─────── 112/257 7.1it/s 21.0s<20.4s
[K                 Class     Images  Instances      Box(P          R      mAP50  mAP50-95): 43% ━━━━━─────── 113/257 7.1it/s 21.2s<20.3s
[K                 Class     Images  Instances      Box(P          R      mAP50  mAP50-95): 44% ━━━━━─────── 114/257 7.1it/s 21.3s<20.0s
[K                 Class     Images  Instances      Box(P          R      mAP50  mAP50-95): 44% ━━━━━─────── 115/257 7.2it/s 21.5s<19.8s
[K                 Class     Images  Instances      Box(P          R      mAP50  mAP50-95): 45% ━━━━━─────── 116/257 7.2it/s 21.6s<19.5s
[K                 Class     Images  Instances      Box(P          R      mAP50  mAP50-95): 45% ━━━━━─────── 117/257 7.2it/s 21.7s<19.4s
[K                 Class     Images  Instances      Box(P          R      mAP50  mAP50-95): 45% ━━━━━╸────── 118/257 7.3it/s 21.9s<19.1s
[K                 Class     Images  Instances      Box(P          R      mAP50  mAP50-95): 46% ━━━━━╸────── 119/257 7.3it/s 22.0s<18.9s
[K                 Class     Images  Instances      Box(P          R      mAP50  mAP50-95): 46% ━━━━━╸────── 120/257 7.3it/s 22.1s<18.7s
[K                 Class     Images  Instances      Box(P          R      mAP50  mAP50-95): 47% ━━━━━╸────── 121/257 7.3it/s 22.3s<18.7s
[K                 Class     Images  Instances      Box(P          R      mAP50  mAP50-95): 47% ━━━━━╸────── 122/257 7.2it/s 22.4s<18.6s
[K                 Class     Images  Instances      Box(P          R      mAP50  mAP50-95): 47% ━━━━━╸────── 123/257 7.2it/s 22.6s<18.5s
[K                 Class     Images  Instances      Box(P          R      mAP50  mAP50-95): 48% ━━━━━╸────── 124/257 7.3it/s 22.7s<18.3s
[K                 Class     Images  Instances      Box(P          R      mAP50  mAP50-95): 48% ━━━━━╸────── 125/257 7.2it/s 22.8s<18.4s
[K                 Class     Images  Instances      Box(P          R      mAP50  mAP50-95): 49% ━━━━━╸────── 126/257 7.2it/s 23.0s<18.3s
[K                 Class     Images  Instances      Box(P          R      mAP50  mAP50-95): 49% ━━━━━╸────── 127/257 7.2it/s 23.1s<18.2s
[K                 Class     Images  Instances      Box(P          R      mAP50  mAP50-95): 49% ━━━━━╸────── 128/257 7.2it/s 23.3s<17.9s
[K                 Class     Images  Instances      Box(P          R      mAP50  mAP50-95): 50% ━━━━━━────── 129/257 7.2it/s 23.4s<17.8s
[K                 Class     Images  Instances      Box(P          R      mAP50  mAP50-95): 50% ━━━━━━────── 130/257 7.2it/s 23.5s<17.7s
[K                 Class     Images  Instances      Box(P          R      mAP50  mAP50-95): 50% ━━━━━━────── 131/257 7.2it/s 23.7s<17.6s
[K                 Class     Images  Instances      Box(P          R      mAP50  mAP50-95): 51% ━━━━━━────── 132/257 7.2it/s 23.8s<17.3s
[K                 Class     Images  Instances      Box(P          R      mAP50  mAP50-95): 51% ━━━━━━────── 133/257 7.2it/s 24.0s<17.2s
[K                 Class     Images  Instances      Box(P          R      mAP50  mAP50-95): 52% ━━━━━━────── 134/257 7.2it/s 24.1s<17.1s
[K                 Class     Images  Instances      Box(P          R      mAP50  mAP50-95): 52% ━━━━━━────── 135/257 7.2it/s 24.2s<17.0s
[K                 Class     Images  Instances      Box(P          R      mAP50  mAP50-95): 52% ━━━━━━────── 136/257 7.2it/s 24.4s<16.7s
[K                 Class     Images  Instances      Box(P          R      mAP50  mAP50-95): 53% ━━━━━━────── 137/257 7.3it/s 24.5s<16.5s
[K                 Class     Images  Instances      Box(P          R      mAP50  mAP50-95): 53% ━━━━━━────── 138/257 7.2it/s 24.6s<16.4s
[K                 Class     Images  Instances      Box(P          R      mAP50  mAP50-95): 54% ━━━━━━────── 139/257 7.3it/s 24.8s<16.3s
[K                 Class     Images  Instances      Box(P          R      mAP50  mAP50-95): 54% ━━━━━━╸───── 140/257 7.2it/s 24.9s<16.3s
[K                 Class     Images  Instances      Box(P          R      mAP50  mAP50-95): 54% ━━━━━━╸───── 141/257 7.2it/s 25.1s<16.1s
[K                 Class     Images  Instances      Box(P          R      mAP50  mAP50-95): 55% ━━━━━━╸───── 142/257 7.2it/s 25.2s<16.0s
[K                 Class     Images  Instances      Box(P          R      mAP50  mAP50-95): 55% ━━━━━━╸───── 143/257 7.2it/s 25.3s<15.8s
[K                 Class     Images  Instances      Box(P          R      mAP50  mAP50-95): 56% ━━━━━━╸───── 144/257 7.2it/s 25.5s<15.6s
[K                 Class     Images  Instances      Box(P          R      mAP50  mAP50-95): 56% ━━━━━━╸───── 145/257 7.2it/s 25.6s<15.5s
[K                 Class     Images  Instances      Box(P          R      mAP50  mAP50-95): 56% ━━━━━━╸───── 146/257 7.2it/s 25.8s<15.3s
[K                 Class     Images  Instances      Box(P          R      mAP50  mAP50-95): 57% ━━━━━━╸───── 147/257 7.2it/s 25.9s<15.3s
[K                 Class     Images  Instances      Box(P          R      mAP50  mAP50-95): 57% ━━━━━━╸───── 148/257 7.2it/s 26.0s<15.2s
[K                 Class     Images  Instances      Box(P          R      mAP50  mAP50-95): 57% ━━━━━━╸───── 149/257 7.3it/s 26.2s<14.9s
[K                 Class     Images  Instances      Box(P          R      mAP50  mAP50-95): 58% ━━━━━━━───── 150/257 7.3it/s 26.3s<14.7s
[K                 Class     Images  Instances      Box(P          R      mAP50  mAP50-95): 58% ━━━━━━━───── 151/257 7.3it/s 26.4s<14.4s
[K                 Class     Images  Instances      Box(P          R      mAP50  mAP50-95): 59% ━━━━━━━───── 152/257 7.3it/s 26.6s<14.3s
[K                 Class     Images  Instances      Box(P          R      mAP50  mAP50-95): 59% ━━━━━━━───── 153/257 7.3it/s 26.7s<14.2s
[K                 Class     Images  Instances      Box(P          R      mAP50  mAP50-95): 59% ━━━━━━━───── 154/257 7.3it/s 26.9s<14.1s
[K                 Class     Images  Instances      Box(P          R      mAP50  mAP50-95): 60% ━━━━━━━───── 155/257 7.1it/s 27.0s<14.3s
[K                 Class     Images  Instances      Box(P          R      mAP50  mAP50-95): 60% ━━━━━━━───── 156/257 7.2it/s 27.1s<14.1s
[K                 Class     Images  Instances      Box(P          R      mAP50  mAP50-95): 61% ━━━━━━━───── 157/257 7.2it/s 27.3s<13.8s
[K                 Class     Images  Instances      Box(P          R      mAP50  mAP50-95): 61% ━━━━━━━───── 158/257 7.2it/s 27.4s<13.7s
[K                 Class     Images  Instances      Box(P          R      mAP50  mAP50-95): 61% ━━━━━━━───── 159/257 7.2it/s 27.6s<13.6s
[K                 Class     Images  Instances      Box(P          R      mAP50  mAP50-95): 62% ━━━━━━━───── 160/257 7.2it/s 27.7s<13.4s
[K                 Class     Images  Instances      Box(P          R      mAP50  mAP50-95): 62% ━━━━━━━╸──── 161/257 7.2it/s 27.8s<13.2s
[K                 Class     Images  Instances      Box(P          R      mAP50  mAP50-95): 63% ━━━━━━━╸──── 162/257 7.3it/s 28.0s<13.1s
[K                 Class     Images  Instances      Box(P          R      mAP50  mAP50-95): 63% ━━━━━━━╸──── 163/257 7.3it/s 28.1s<13.0s
[K                 Class     Images  Instances      Box(P          R      mAP50  mAP50-95): 63% ━━━━━━━╸──── 164/257 7.2it/s 28.2s<12.9s
[K                 Class     Images  Instances      Box(P          R      mAP50  mAP50-95): 64% ━━━━━━━╸──── 165/257 7.2it/s 28.4s<12.7s
[K                 Class     Images  Instances      Box(P          R      mAP50  mAP50-95): 64% ━━━━━━━╸──── 166/257 7.2it/s 28.5s<12.6s
[K                 Class     Images  Instances      Box(P          R      mAP50  mAP50-95): 64% ━━━━━━━╸──── 167/257 7.2it/s 28.7s<12.5s
[K                 Class     Images  Instances      Box(P          R      mAP50  mAP50-95): 65% ━━━━━━━╸──── 168/257 7.2it/s 28.8s<12.4s
[K                 Class     Images  Instances      Box(P          R      mAP50  mAP50-95): 65% ━━━━━━━╸──── 169/257 7.2it/s 28.9s<12.2s
[K                 Class     Images  Instances      Box(P          R      mAP50  mAP50-95): 66% ━━━━━━━╸──── 170/257 7.2it/s 29.1s<12.1s
[K                 Class     Images  Instances      Box(P          R      mAP50  mAP50-95): 66% ━━━━━━━╸──── 171/257 7.2it/s 29.2s<12.0s
[K                 Class     Images  Instances      Box(P          R      mAP50  mAP50-95): 66% ━━━━━━━━──── 172/257 7.2it/s 29.4s<11.7s
[K                 Class     Images  Instances      Box(P          R      mAP50  mAP50-95): 67% ━━━━━━━━──── 173/257 7.2it/s 29.5s<11.6s
[K                 Class     Images  Instances      Box(P          R      mAP50  mAP50-95): 67% ━━━━━━━━──── 174/257 7.2it/s 29.6s<11.5s
[K                 Class     Images  Instances      Box(P          R      mAP50  mAP50-95): 68% ━━━━━━━━──── 175/257 7.3it/s 29.8s<11.3s
[K                 Class     Images  Instances      Box(P          R      mAP50  mAP50-95): 68% ━━━━━━━━──── 176/257 7.3it/s 29.9s<11.1s
[K                 Class     Images  Instances      Box(P          R      mAP50  mAP50-95): 68% ━━━━━━━━──── 177/257 7.3it/s 30.0s<11.0s
[K                 Class     Images  Instances      Box(P          R      mAP50  mAP50-95): 69% ━━━━━━━━──── 178/257 7.2it/s 30.2s<11.0s
[K                 Class     Images  Instances      Box(P          R      mAP50  mAP50-95): 69% ━━━━━━━━──── 179/257 7.2it/s 30.3s<10.9s
[K                 Class     Images  Instances      Box(P          R      mAP50  mAP50-95): 70% ━━━━━━━━──── 180/257 7.2it/s 30.5s<10.8s
[K                 Class     Images  Instances      Box(P          R      mAP50  mAP50-95): 70% ━━━━━━━━──── 181/257 7.2it/s 30.6s<10.5s
[K                 Class     Images  Instances      Box(P          R      mAP50  mAP50-95): 70% ━━━━━━━━──── 182/257 7.3it/s 30.7s<10.3s
[K                 Class     Images  Instances      Box(P          R      mAP50  mAP50-95): 71% ━━━━━━━━╸─── 183/257 7.3it/s 30.9s<10.2s
[K                 Class     Images  Instances      Box(P          R      mAP50  mAP50-95): 71% ━━━━━━━━╸─── 184/257 7.4it/s 31.0s<9.9s
[K                 Class     Images  Instances      Box(P          R      mAP50  mAP50-95): 71% ━━━━━━━━╸─── 185/257 7.2it/s 31.2s<10.0s
[K                 Class     Images  Instances      Box(P          R      mAP50  mAP50-95): 72% ━━━━━━━━╸─── 186/257 7.2it/s 31.3s<9.9s
[K                 Class     Images  Instances      Box(P          R      mAP50  mAP50-95): 72% ━━━━━━━━╸─── 187/257 7.2it/s 31.4s<9.8s
[K                 Class     Images  Instances      Box(P          R      mAP50  mAP50-95): 73% ━━━━━━━━╸─── 188/257 7.2it/s 31.6s<9.6s
[K                 Class     Images  Instances      Box(P          R      mAP50  mAP50-95): 73% ━━━━━━━━╸─── 189/257 7.2it/s 31.7s<9.4s
[K                 Class     Images  Instances      Box(P          R      mAP50  mAP50-95): 73% ━━━━━━━━╸─── 190/257 7.2it/s 31.8s<9.3s
[K                 Class     Images  Instances      Box(P          R      mAP50  mAP50-95): 74% ━━━━━━━━╸─── 191/257 7.2it/s 32.0s<9.2s
[K                 Class     Images  Instances      Box(P          R      mAP50  mAP50-95): 74% ━━━━━━━━╸─── 192/257 7.1it/s 32.1s<9.1s
[K                 Class     Images  Instances      Box(P          R      mAP50  mAP50-95): 75% ━━━━━━━━━─── 193/257 7.1it/s 32.3s<9.0s
[K                 Class     Images  Instances      Box(P          R      mAP50  mAP50-95): 75% ━━━━━━━━━─── 194/257 7.1it/s 32.4s<8.9s
[K                 Class     Images  Instances      Box(P          R      mAP50  mAP50-95): 75% ━━━━━━━━━─── 195/257 7.2it/s 32.5s<8.6s
[K                 Class     Images  Instances      Box(P          R      mAP50  mAP50-95): 76% ━━━━━━━━━─── 196/257 7.2it/s 32.7s<8.4s
[K                 Class     Images  Instances      Box(P          R      mAP50  mAP50-95): 76% ━━━━━━━━━─── 197/257 7.2it/s 32.8s<8.3s
[K                 Class     Images  Instances      Box(P          R      mAP50  mAP50-95): 77% ━━━━━━━━━─── 198/257 7.2it/s 33.0s<8.1s
[K                 Class     Images  Instances      Box(P          R      mAP50  mAP50-95): 77% ━━━━━━━━━─── 199/257 7.2it/s 33.1s<8.1s
[K                 Class     Images  Instances      Box(P          R      mAP50  mAP50-95): 77% ━━━━━━━━━─── 200/257 7.0it/s 33.3s<8.1s
[K                 Class     Images  Instances      Box(P          R      mAP50  mAP50-95): 78% ━━━━━━━━━─── 201/257 7.1it/s 33.4s<7.9s
[K                 Class     Images  Instances      Box(P          R      mAP50  mAP50-95): 78% ━━━━━━━━━─── 202/257 7.1it/s 33.5s<7.8s
[K                 Class     Images  Instances      Box(P          R      mAP50  mAP50-95): 78% ━━━━━━━━━─── 203/257 7.1it/s 33.7s<7.6s
[K                 Class     Images  Instances      Box(P          R      mAP50  mAP50-95): 79% ━━━━━━━━━╸── 204/257 7.1it/s 33.8s<7.5s
[K                 Class     Images  Instances      Box(P          R      mAP50  mAP50-95): 79% ━━━━━━━━━╸── 205/257 7.1it/s 34.0s<7.4s
[K                 Class     Images  Instances      Box(P          R      mAP50  mAP50-95): 80% ━━━━━━━━━╸── 206/257 7.0it/s 34.1s<7.3s
[K                 Class     Images  Instances      Box(P          R      mAP50  mAP50-95): 80% ━━━━━━━━━╸── 207/257 7.1it/s 34.2s<7.1s
[K                 Class     Images  Instances      Box(P          R      mAP50  mAP50-95): 80% ━━━━━━━━━╸── 208/257 7.1it/s 34.4s<6.9s
[K                 Class     Images  Instances      Box(P          R      mAP50  mAP50-95): 81% ━━━━━━━━━╸── 209/257 7.1it/s 34.5s<6.7s
[K                 Class     Images  Instances      Box(P          R      mAP50  mAP50-95): 81% ━━━━━━━━━╸── 210/257 7.2it/s 34.7s<6.6s
[K                 Class     Images  Instances      Box(P          R      mAP50  mAP50-95): 82% ━━━━━━━━━╸── 211/257 7.2it/s 34.8s<6.4s
[K                 Class     Images  Instances      Box(P          R      mAP50  mAP50-95): 82% ━━━━━━━━━╸── 212/257 7.1it/s 34.9s<6.3s
[K                 Class     Images  Instances      Box(P          R      mAP50  mAP50-95): 82% ━━━━━━━━━╸── 213/257 7.1it/s 35.1s<6.2s
[K                 Class     Images  Instances      Box(P          R      mAP50  mAP50-95): 83% ━━━━━━━━━╸── 214/257 7.1it/s 35.2s<6.0s
[K                 Class     Images  Instances      Box(P          R      mAP50  mAP50-95): 83% ━━━━━━━━━━── 215/257 7.1it/s 35.4s<5.9s
[K                 Class     Images  Instances      Box(P          R      mAP50  mAP50-95): 84% ━━━━━━━━━━── 216/257 7.1it/s 35.5s<5.8s
[K                 Class     Images  Instances      Box(P          R      mAP50  mAP50-95): 84% ━━━━━━━━━━── 217/257 7.1it/s 35.6s<5.6s
[K                 Class     Images  Instances      Box(P          R      mAP50  mAP50-95): 84% ━━━━━━━━━━── 218/257 7.1it/s 35.8s<5.5s
[K                 Class     Images  Instances      Box(P          R      mAP50  mAP50-95): 85% ━━━━━━━━━━── 219/257 7.2it/s 35.9s<5.3s
[K                 Class     Images  Instances      Box(P          R      mAP50  mAP50-95): 85% ━━━━━━━━━━── 220/257 7.1it/s 36.1s<5.2s
[K                 Class     Images  Instances      Box(P          R      mAP50  mAP50-95): 85% ━━━━━━━━━━── 221/257 7.2it/s 36.2s<5.0s
[K                 Class     Images  Instances      Box(P          R      mAP50  mAP50-95): 86% ━━━━━━━━━━── 222/257 7.2it/s 36.3s<4.9s
[K                 Class     Images  Instances      Box(P          R      mAP50  mAP50-95): 86% ━━━━━━━━━━── 223/257 7.2it/s 36.5s<4.8s
[K                 Class     Images  Instances      Box(P          R      mAP50  mAP50-95): 87% ━━━━━━━━━━── 224/257 7.1it/s 36.6s<4.6s
[K                 Class     Images  Instances      Box(P          R      mAP50  mAP50-95): 87% ━━━━━━━━━━╸─ 225/257 7.1it/s 36.8s<4.5s
[K                 Class     Images  Instances      Box(P          R      mAP50  mAP50-95): 87% ━━━━━━━━━━╸─ 226/257 7.2it/s 36.9s<4.3s
[K                 Class     Images  Instances      Box(P          R      mAP50  mAP50-95): 88% ━━━━━━━━━━╸─ 227/257 7.2it/s 37.0s<4.2s
[K                 Class     Images  Instances      Box(P          R      mAP50  mAP50-95): 88% ━━━━━━━━━━╸─ 228/257 7.1it/s 37.2s<4.1s
[K                 Class     Images  Instances      Box(P          R      mAP50  mAP50-95): 89% ━━━━━━━━━━╸─ 229/257 7.1it/s 37.3s<4.0s
[K                 Class     Images  Instances      Box(P          R      mAP50  mAP50-95): 89% ━━━━━━━━━━╸─ 230/257 7.1it/s 37.5s<3.8s
[K                 Class     Images  Instances      Box(P          R      mAP50  mAP50-95): 89% ━━━━━━━━━━╸─ 231/257 7.2it/s 37.6s<3.6s
[K                 Class     Images  Instances      Box(P          R      mAP50  mAP50-95): 90% ━━━━━━━━━━╸─ 232/257 7.2it/s 37.7s<3.5s
[K                 Class     Images  Instances      Box(P          R      mAP50  mAP50-95): 90% ━━━━━━━━━━╸─ 233/257 7.2it/s 37.9s<3.3s
[K                 Class     Images  Instances      Box(P          R      mAP50  mAP50-95): 91% ━━━━━━━━━━╸─ 234/257 7.2it/s 38.0s<3.2s
[K                 Class     Images  Instances      Box(P          R      mAP50  mAP50-95): 91% ━━━━━━━━━━╸─ 235/257 7.2it/s 38.2s<3.0s
[K                 Class     Images  Instances      Box(P          R      mAP50  mAP50-95): 91% ━━━━━━━━━━━─ 236/257 7.2it/s 38.3s<2.9s
[K                 Class     Images  Instances      Box(P          R      mAP50  mAP50-95): 92% ━━━━━━━━━━━─ 237/257 7.2it/s 38.4s<2.8s
[K                 Class     Images  Instances      Box(P          R      mAP50  mAP50-95): 92% ━━━━━━━━━━━─ 238/257 7.2it/s 38.6s<2.6s
[K                 Class     Images  Instances      Box(P          R      mAP50  mAP50-95): 92% ━━━━━━━━━━━─ 239/257 7.2it/s 38.7s<2.5s
[K                 Class     Images  Instances      Box(P          R      mAP50  mAP50-95): 93% ━━━━━━━━━━━─ 240/257 7.2it/s 38.9s<2.4s
[K                 Class     Images  Instances      Box(P          R      mAP50  mAP50-95): 93% ━━━━━━━━━━━─ 241/257 7.2it/s 39.0s<2.2s
[K                 Class     Images  Instances      Box(P          R      mAP50  mAP50-95): 94% ━━━━━━━━━━━─ 242/257 7.2it/s 39.1s<2.1s
[K                 Class     Images  Instances      Box(P          R      mAP50  mAP50-95): 94% ━━━━━━━━━━━─ 243/257 7.2it/s 39.3s<1.9s
[K                 Class     Images  Instances      Box(P          R      mAP50  mAP50-95): 94% ━━━━━━━━━━━─ 244/257 7.1it/s 39.4s<1.8s
[K                 Class     Images  Instances      Box(P          R      mAP50  mAP50-95): 95% ━━━━━━━━━━━─ 245/257 7.1it/s 39.5s<1.7s
[K                 Class     Images  Instances      Box(P          R      mAP50  mAP50-95): 95% ━━━━━━━━━━━─ 246/257 7.1it/s 39.7s<1.6s
[K                 Class     Images  Instances      Box(P          R      mAP50  mAP50-95): 96% ━━━━━━━━━━━╸ 247/257 7.0it/s 39.8s<1.4s
[K                 Class     Images  Instances      Box(P          R      mAP50  mAP50-95): 96% ━━━━━━━━━━━╸ 248/257 7.0it/s 40.0s<1.3s
[K                 Class     Images  Instances      Box(P          R      mAP50  mAP50-95): 96% ━━━━━━━━━━━╸ 249/257 7.1it/s 40.1s<1.1s
[K                 Class     Images  Instances      Box(P          R      mAP50  mAP50-95): 97% ━━━━━━━━━━━╸ 250/257 7.1it/s 40.3s<1.0s
[K                 Class     Images  Instances      Box(P          R      mAP50  mAP50-95): 97% ━━━━━━━━━━━╸ 251/257 7.1it/s 40.4s<0.8s
[K                 Class     Images  Instances      Box(P          R      mAP50  mAP50-95): 98% ━━━━━━━━━━━╸ 252/257 7.1it/s 40.5s<0.7s
[K                 Class     Images  Instances      Box(P          R      mAP50  mAP50-95): 98% ━━━━━━━━━━━╸ 253/257 7.1it/s 40.7s<0.6s
[K                 Class     Images  Instances      Box(P          R      mAP50  mAP50-95): 98% ━━━━━━━━━━━╸ 254/257 7.1it/s 40.8s<0.4s
[K                 Class     Images  Instances      Box(P          R      mAP50  mAP50-95): 99% ━━━━━━━━━━━╸ 255/257 7.1it/s 41.0s<0.3s
[K                 Class     Images  Instances      Box(P          R      mAP50  mAP50-95): 99% ━━━━━━━━━━━╸ 256/257 7.1it/s 41.1s<0.1s
[K                 Class     Images  Instances      Box(P          R      mAP50  mAP50-95): 100% ━━━━━━━━━━━━ 257/257 6.2it/s 41.1s
                   all       4099       3942      0.706       0.72      0.728      0.475
                 smoke       3345       3942      0.706       0.72      0.728      0.475
Speed: 0.9ms preprocess, 7.2ms inference, 0.0ms loss, 0.2ms postprocess per image
Results saved to [1m/home/hp11/sentinel/runs/detect/val-7[0m
mAP50=0.728 mAP50-95=0.475
saved models/tower_yolo.pt
EXIT 0
